Archive member included because of file (symbol)

/usr/local/lib/gcc/avr/4.2.2/../../../../avr/lib/avr5/libprintf_min.a(vfprintf_min.o)
                              (vfprintf)
/usr/local/lib/gcc/avr/4.2.2/avr5/libgcc.a(_mulsi3.o)
                              ../../../src/kernel/source/nrk_time.o (__mulsi3)
/usr/local/lib/gcc/avr/4.2.2/avr5/libgcc.a(_udivmodhi4.o)
                              ../../../src/net/bmac/bmac.o (__udivmodhi4)
/usr/local/lib/gcc/avr/4.2.2/avr5/libgcc.a(_divmodhi4.o)
                              ../../../src/net/bmac/bmac.o (__divmodhi4)
/usr/local/lib/gcc/avr/4.2.2/avr5/libgcc.a(_udivmodsi4.o)
                              ../../../src/kernel/source/nrk_time.o (__udivmodsi4)
/usr/local/lib/gcc/avr/4.2.2/avr5/libgcc.a(_prologue.o)
                              /usr/local/lib/gcc/avr/4.2.2/../../../../avr/lib/avr5/libprintf_min.a(vfprintf_min.o) (__prologue_saves__)
/usr/local/lib/gcc/avr/4.2.2/avr5/libgcc.a(_epilogue.o)
                              /usr/local/lib/gcc/avr/4.2.2/../../../../avr/lib/avr5/libprintf_min.a(vfprintf_min.o) (__epilogue_restores__)
/usr/local/lib/gcc/avr/4.2.2/avr5/libgcc.a(_exit.o)
                              /usr/local/lib/gcc/avr/4.2.2/../../../../avr/lib/avr5/crtm1281.o (exit)
/usr/local/lib/gcc/avr/4.2.2/avr5/libgcc.a(_clear_bss.o)
                              bmac_client.o (__do_clear_bss)
/usr/local/lib/gcc/avr/4.2.2/../../../../avr/lib/avr5/libc.a(rand.o)
                              ../../../src/net/bmac/bmac.o (rand)
/usr/local/lib/gcc/avr/4.2.2/../../../../avr/lib/avr5/libc.a(strchr_P.o)
                              /usr/local/lib/gcc/avr/4.2.2/../../../../avr/lib/avr5/libprintf_min.a(vfprintf_min.o) (strchr_P)
/usr/local/lib/gcc/avr/4.2.2/../../../../avr/lib/avr5/libc.a(fdevopen.o)
                              ../../../src/platform/firefly2_2/source/ulib.o (fdevopen)
/usr/local/lib/gcc/avr/4.2.2/../../../../avr/lib/avr5/libc.a(fputc.o)
                              ../../../src/platform/firefly2_2/source/ulib.o (fputc)
/usr/local/lib/gcc/avr/4.2.2/../../../../avr/lib/avr5/libc.a(iob.o)
                              ../../../src/platform/firefly2_2/source/ulib.o (__iob)
/usr/local/lib/gcc/avr/4.2.2/../../../../avr/lib/avr5/libc.a(printf.o)
                              bmac_client.o (printf)
/usr/local/lib/gcc/avr/4.2.2/../../../../avr/lib/avr5/libc.a(puts.o)
                              bmac_client.o (puts)
/usr/local/lib/gcc/avr/4.2.2/../../../../avr/lib/avr5/libc.a(sprintf.o)
                              bmac_client.o (sprintf)
/usr/local/lib/gcc/avr/4.2.2/../../../../avr/lib/avr5/libc.a(ultoa_invert.o)
                              /usr/local/lib/gcc/avr/4.2.2/../../../../avr/lib/avr5/libprintf_min.a(vfprintf_min.o) (__ultoa_invert)
/usr/local/lib/gcc/avr/4.2.2/../../../../avr/lib/avr5/libc.a(ee_rb.1F2021.o)
                              ../../../src/platform/firefly2_2/source/nrk_eeprom.o (__eeprom_read_byte_1F2021)
/usr/local/lib/gcc/avr/4.2.2/../../../../avr/lib/avr5/libc.a(ee_wb.1F2021.o)
                              ../../../src/platform/firefly2_2/source/nrk_eeprom.o (__eeprom_write_byte_1F2021)
/usr/local/lib/gcc/avr/4.2.2/../../../../avr/lib/avr5/libc.a(calloc.o)
                              /usr/local/lib/gcc/avr/4.2.2/../../../../avr/lib/avr5/libc.a(fdevopen.o) (calloc)
/usr/local/lib/gcc/avr/4.2.2/../../../../avr/lib/avr5/libc.a(malloc.o)
                              /usr/local/lib/gcc/avr/4.2.2/../../../../avr/lib/avr5/libc.a(calloc.o) (malloc)
/usr/local/lib/gcc/avr/4.2.2/../../../../avr/lib/avr5/libc.a(memset.o)
                              /usr/local/lib/gcc/avr/4.2.2/../../../../avr/lib/avr5/libc.a(calloc.o) (memset)
/usr/local/lib/gcc/avr/4.2.2/avr5/libgcc.a(_divmodsi4.o)
                              /usr/local/lib/gcc/avr/4.2.2/../../../../avr/lib/avr5/libc.a(rand.o) (__divmodsi4)

Allocating common symbols
Common symbol       size              file

rx_ctr              0x4               ../../../src/radio/cc2420/source/basic_rf.o
_free_node          0x2               ../../../src/kernel/source/nrk.o
app_timer0_callback
                    0x2               ../../../src/net/bmac/bmac.o
nrk_task_TCB        0x84              ../../../src/kernel/source/nrk.o
next_next_wakeup    0x2               ../../../src/kernel/source/nrk.o
ext_int1_callback   0x2               ../../../src/kernel/hal/atmega1281/nrk_ext_int.o
radio_sem           0x2               ../../../src/radio/cc2420/source/basic_rf.o
tx_task_stack       0x100             bmac_client.o
bmac_running        0x1               ../../../src/net/bmac/bmac.o
cca_active          0x1               bmac_client.o
ext_int0_callback   0x2               ../../../src/kernel/hal/atmega1281/nrk_ext_int.o
nrk_sem_list        0x6               ../../../src/kernel/source/nrk.o
security_enable     0x1               ../../../src/radio/cc2420/source/basic_rf.o
nrk_task_init_cnt   0x1               ../../../src/kernel/source/nrk.o
[...]
Memory Configuration

Name             Origin             Length             Attributes
text             0x00000000         0x00020000         xr
data             0x00800060         0x0000ffa0         rw !x
eeprom           0x00810000         0x00010000         rw !x
*default*        0x00000000         0xffffffff

Linker script and memory map

Address of section .data set to 0x800200
LOAD /usr/local/lib/gcc/avr/4.2.2/../../../../avr/lib/avr5/crtm1281.o
LOAD bmac_client.o
LOAD ../../../src/net/bmac/bmac.o
LOAD ../../../src/drivers/platform/firefly2_2/source/ff_basic_sensor.o
LOAD ../../../src/radio/cc2420/source/hal_rf_set_channel.o
LOAD ../../../src/radio/cc2420/source/hal_rf_wait_for_crystal_oscillator.o
LOAD ../../../src/radio/cc2420/source/basic_rf.o
LOAD ../../../src/platform/firefly2_2/source/ulib.o
LOAD ../../../src/platform/firefly2_2/source/hal_wait.o
LOAD ../../../src/platform/firefly2_2/source/nrk_eeprom.o
LOAD ../../../src/kernel/source/nrk.o
LOAD ../../../src/kernel/source/nrk_stats.o
LOAD ../../../src/kernel/source/nrk_error.o
LOAD ../../../src/kernel/source/nrk_stack_check.o
LOAD ../../../src/kernel/source/nrk_events.o
LOAD ../../../src/kernel/source/nrk_task.o
LOAD ../../../src/kernel/source/nrk_time.o
LOAD ../../../src/kernel/source/nrk_idle_task.o
LOAD ../../../src/kernel/source/nrk_scheduler.o
LOAD ../../../src/kernel/source/nrk_driver.o
LOAD ../../../src/kernel/source/nrk_reserve.o
LOAD ../../../src/kernel/hal/atmega1281/nrk_timer.o
LOAD ../../../src/kernel/hal/atmega1281/nrk_ext_int.o
LOAD ../../../src/kernel/hal/atmega1281/nrk_status.o
LOAD ../../../src/kernel/hal/atmega1281/nrk_watchdog.o
LOAD ../../../src/kernel/hal/atmega1281/nrk_cpu.o
LOAD ../../../src/kernel/hal/atmega1281/atmel_hw_specific.o
LOAD /usr/local/lib/gcc/avr/4.2.2/../../../../avr/lib/avr5/libprintf_min.a
LOAD /usr/local/lib/gcc/avr/4.2.2/../../../../avr/lib/avr5/libm.a
LOAD /usr/local/lib/gcc/avr/4.2.2/avr5/libgcc.a
LOAD /usr/local/lib/gcc/avr/4.2.2/../../../../avr/lib/avr5/libc.a
LOAD /usr/local/lib/gcc/avr/4.2.2/avr5/libgcc.a

.hash
 *(.hash)

.dynsym
 *(.dynsym)

.dynstr
 *(.dynstr)

.gnu.version
 *(.gnu.version)

.gnu.version_d
 *(.gnu.version_d)

.gnu.version_r
 *(.gnu.version_r)

.rel.init
 *(.rel.init)

.rela.init
 *(.rela.init)

.rel.text
 *(.rel.text)
 *(.rel.text.*)
 *(.rel.gnu.linkonce.t*)

.rela.text
 *(.rela.text)
 *(.rela.text.*)
 *(.rela.gnu.linkonce.t*)

.rel.fini
 *(.rel.fini)

.rela.fini
 *(.rela.fini)

.rel.rodata
 *(.rel.rodata)
 *(.rel.rodata.*)
 *(.rel.gnu.linkonce.r*)

.rela.rodata
 *(.rela.rodata)
 *(.rela.rodata.*)
 *(.rela.gnu.linkonce.r*)

.rel.data
 *(.rel.data)
 *(.rel.data.*)
 *(.rel.gnu.linkonce.d*)

.rela.data
 *(.rela.data)
 *(.rela.data.*)
 *(.rela.gnu.linkonce.d*)

.rel.ctors
 *(.rel.ctors)

.rela.ctors
 *(.rela.ctors)

.rel.dtors
 *(.rel.dtors)

.rela.dtors
 *(.rela.dtors)

.rel.got
 *(.rel.got)

.rela.got
 *(.rela.got)

.rel.bss
 *(.rel.bss)

.rela.bss
 *(.rela.bss)

.rel.plt
 *(.rel.plt)

.rela.plt
 *(.rela.plt)

.text           0x00000000     0x66b8
 *(.vectors)
 .vectors       0x00000000       0xcc /usr/local/lib/gcc/avr/4.2.2/../../../../avr/lib/avr5/crtm1281.o
                0x00000000                __vectors
 *(.vectors)
 *(.progmem.gcc*)
 .progmem.gcc_sw_table
                0x000000cc       0x24 ../../../src/kernel/source/nrk_error.o
 *(.progmem*)
 .progmem.data  0x000000f0       0x1f bmac_client.o
 .progmem.data  0x0000010f       0x7c ../../../src/net/bmac/bmac.o
 .progmem.data  0x0000018b       0x59 ../../../src/radio/cc2420/source/basic_rf.o
 .progmem.data  0x000001e4      0x1c8 ../../../src/kernel/source/nrk_error.o
 .progmem.data  0x000003ac        0xf ../../../src/kernel/source/nrk_stack_check.o
 .progmem.data  0x000003bb       0x17 /usr/local/lib/gcc/avr/4.2.2/../../../../avr/lib/avr5/libprintf_min.a(vfprintf_min.o)
                0x000003d2                . = ALIGN (0x2)
                0x000003d2                __trampolines_start = .
 *(.trampolines)
 .trampolines   0x000003d2        0x0 linker stubs
 *(.trampolines*)
                0x000003d2                __trampolines_end = .
 *(.jumptables)
 *(.jumptables*)
 *(.lowtext)
 *(.lowtext*)
                0x000003d2                __ctors_start = .
 *(.ctors)
                0x000003d2                __ctors_end = .
                0x000003d2                __dtors_start = .
 *(.dtors)
                0x000003d2                __dtors_end = .
 SORT(*)(.ctors)
 SORT(*)(.dtors)
 *(.init0)
 .init0         0x000003d2        0x0 /usr/local/lib/gcc/avr/4.2.2/../../../../avr/lib/avr5/crtm1281.o
                0x000003d2                __init
 *(.init0)
 *(.init1)
 *(.init1)
 *(.init2)
 .init2         0x000003d2        0xc /usr/local/lib/gcc/avr/4.2.2/../../../../avr/lib/avr5/crtm1281.o
 *(.init2)
 *(.init3)
 *(.init3)
 *(.init4)
 .init4         0x000003de       0x1a /usr/local/lib/gcc/avr/4.2.2/../../../../avr/lib/avr5/crtm1281.o
                0x000003de                __do_copy_data
 .init4         0x000003f8       0x10 /usr/local/lib/gcc/avr/4.2.2/avr5/libgcc.a(_clear_bss.o)
                0x000003f8                __do_clear_bss
 *(.init4)
 *(.init5)
 *(.init5)
 *(.init6)
 *(.init6)
 *(.init7)
 *(.init7)
 *(.init8)
 *(.init8)
 *(.init9)
 .init9         0x00000408        0x8 /usr/local/lib/gcc/avr/4.2.2/../../../../avr/lib/avr5/crtm1281.o
 *(.init9)
 *(.text)
 .text          0x00000410        0x4 /usr/local/lib/gcc/avr/4.2.2/../../../../avr/lib/avr5/crtm1281.o
                0x00000410                __vector_38
                0x00000410                __vector_22
                0x00000410                __vector_28
                0x00000410                __vector_34
                0x00000410                __vector_24
                0x00000410                __vector_12
                0x00000410                __vector_46
                0x00000410                __bad_interrupt
                0x00000410                __vector_6
                0x00000410                __vector_31
                0x00000410                __vector_35
                0x00000410                __vector_39
                0x00000410                __vector_3
                0x00000410                __vector_23
                0x00000410                __vector_30
                0x00000410                __vector_45
                0x00000410                __vector_25
                0x00000410                __vector_11
                0x00000410                __vector_19
                0x00000410                __vector_7
                0x00000410                __vector_49
                0x00000410                __vector_41
                0x00000410                __vector_43
                0x00000410                __vector_27
                0x00000410                __vector_5
                0x00000410                __vector_33
                0x00000410                __vector_47
                0x00000410                __vector_37
                0x00000410                __vector_4
                0x00000410                __vector_44
                0x00000410                __vector_2
                0x00000410                __vector_21
                0x00000410                __vector_29
                0x00000410                __vector_40
                0x00000410                __vector_8
                0x00000410                __vector_26
                0x00000410                __vector_48
                0x00000410                __vector_14
                0x00000410                __vector_10
                0x00000410                __vector_50
                0x00000410                __vector_16
                0x00000410                __vector_18
                0x00000410                __vector_20
                0x00000410                __vector_42
 .text          0x00000414      0x3fa bmac_client.o
                0x00000414                nrk_register_drivers
                0x0000042c                nrk_create_taskset
                0x000004de                tx_task
                0x000007aa                main
 .text          0x0000080e      0x78e ../../../src/net/bmac/bmac.o
                0x00000cde                bmac_set_channel
                0x00000a0a                bmac_enable
                0x00000eca                bmac_nw_task
                0x00000ea2                bmac_auto_ack_enable
                0x0000087a                bmac_rx_pkt_ready
                0x00000a48                _bmac_tx
                0x00000e98                bmac_addr_decode_disable
                0x0000082a                bmac_set_cca_active
                0x00000816                bmac_tx_reserve_get
                0x00000e78                bmac_rx_pkt_is_encrypted
                0x00000eac                bmac_auto_ack_disable
                0x00000c0a                bmac_get_tx_done_signal
                0x00000d04                bmac_init
                0x00000852                bmac_tx_pkt_nonblocking
                0x00000e32                bmac_set_cca_thresh
                0x00000934                _b_pow
                0x00000f70                bmac_rx_pkt_get
                0x00000a1a                _bmac_channel_check
                0x00000928                bmac_started
                0x00000810                bmac_tx_reserve_set
                0x0000080e                rf_rx_callback
                0x00000c1e                bmac_get_rx_pkt_signal
                0x0000088e                bmac_rx_pkt_release
                0x000008a0                bmac_set_rx_check_rate
                0x0000089a                bmac_disable
                0x00000c32                bmac_tx_pkt
                0x00000b82                _bmac_rx
                0x00000e3c                bmac_set_rf_power
                0x00000e5a                bmac_encryption_enable
                0x0000081c                bmac_addr_decode_dest_mac
                0x00000e84                bmac_addr_decode_set_my_mac
                0x0000095a                bmac_task_config
                0x00000e8e                bmac_addr_decode_enable
                0x00000e64                bmac_encryption_set_key
                0x00000830                bmac_rx_pkt_set_buffer
                0x00000c96                bmac_wait_until_rx_pkt
                0x00000eb6                bmac_encryption_set_ctr_counter
                0x00000e50                bmac_encryption_disable
 .text          0x00000f9c      0x382 ../../../src/drivers/platform/firefly2_2/source/ff_basic_sensor.o
                0x0000112c                dev_manager_ff_sensors
                0x00000ffe                read_voltage_status
                0x00000f9c                init_adc
                0x00000fd2                get_adc_val
                0x00000fc8                delay
 .text          0x0000131e       0x3e ../../../src/radio/cc2420/source/hal_rf_set_channel.o
                0x0000131e                halRfSetChannel
 .text          0x0000135c       0x18 ../../../src/radio/cc2420/source/hal_rf_wait_for_crystal_oscillator.o
                0x0000135c                halRfWaitForCrystalOscillator
 .text          0x00001374     0x14e6 ../../../src/radio/cc2420/source/basic_rf.o
                0x00002638                rf_set_channel
                0x00001c78                rf_rx_on
                0x000014f4                rf_auto_ack_enable
                0x00001cb8                rf_tx_power
                0x000025e4                rf_set_rx
                0x000014be                rf_addr_decode_disable
                0x00001630                rf_data_mode
                0x0000157e                rf_rx_check_fifop
                0x00001d06                rf_tx_packet
                0x00001590                rf_rx_check_sfd
                0x0000140a                rf_security_enable
                0x000015a4                rf_rx_packet
                0x000015e0                rf_carrier_off
                0x0000156a                rf_busy
                0x00001c38                rf_polling_rx_on
                0x0000175a                rf_polling_rx_packet
                0x00001608                rf_carrier_on
                0x0000147e                rf_get_sem
                0x00001c08                rf_rx_off
                0x000015c2                rf_flush_rx_fifo
                0x0000265e                rf_init
                0x00001488                rf_addr_decode_enable
                0x0000240a                rf_security_set_key
                0x00002064                rf_tx_tdma_packet
                0x0000137c                rf_security_set_ctr_counter
                0x00001708                rf_set_cca_thresh
                0x00002394                rf_addr_decode_set_my_mac
                0x00001456                rf_security_disable
                0x00001530                rf_auto_ack_disable
                0x0000169a                rf_test_mode
                0x00001374                rf_security_last_pkt_status
 .text          0x0000285a      0xa42 ../../../src/platform/firefly2_2/source/ulib.o
                0x00002912                nrk_gpio_set
                0x00002fea                nrk_get_button
                0x000031da                nrk_kprintf
                0x000028a0                nrk_uart_data_ready
                0x00002dba                nrk_gpio_direction
                0x00003154                getc0
                0x0000307e                nrk_led_set
                0x0000285a                getc1
                0x00002ba8                nrk_gpio_toggle
                0x00002a1c                nrk_gpio_clr
                0x000030ce                putc0
                0x0000316e                nrk_setup_uart
                0x000030b8                nrk_gpio_pullups
                0x00003126                setup_uart1
                0x00002904                nrk_setup_ports
                0x00003200                __vector_36
                0x000030e8                putc1
                0x00003044                nrk_led_clr
                0x00002b34                nrk_gpio_get
                0x000028da                PORT_INIT
                0x000030f8                setup_uart0
                0x0000300a                nrk_led_toggle
                0x000031c0                nrk_uart_rx_signal_get
 .text          0x0000329c        0xe ../../../src/platform/firefly2_2/source/hal_wait.o
                0x0000329c                halWait
 .text          0x000032aa      0x11c ../../../src/platform/firefly2_2/source/nrk_eeprom.o
                0x00003344                read_eeprom_load_img_pages
                0x000032d2                nrk_eeprom_read_byte
                0x000032be                write_eeprom_current_image_checksum
                0x0000338a                write_eeprom_load_img_pages
                0x000032de                read_eeprom_mac_address
                0x00003380                nrk_eeprom_write_byte
                0x0000339e                write_eeprom_aes_key
                0x00003330                read_eeprom_channel
                0x00003358                read_eeprom_aes_key
                0x000032aa                read_eeprom_current_image_checksum
 .text          0x000033c6      0x448 ../../../src/kernel/source/nrk.o
                0x000033ce                nrk_version
                0x000036ea                nrk_init
                0x000033da                nrk_TCB_init
                0x0000380a                nrk_halt
                0x000033d4                _nrk_timer_tick
                0x000033ca                nrk_int_enable
                0x0000362a                nrk_start
                0x000033c6                nrk_int_disable
 .text          0x0000380e        0x0 ../../../src/kernel/source/nrk_stats.o
 .text          0x0000380e      0x1b0 ../../../src/kernel/source/nrk_error.o
                0x000039a6                nrk_error_add
                0x00003998                nrk_kernel_error_add
                0x00003828                nrk_error_get
                0x0000381a                nrk_errno_get
                0x0000380e                _nrk_errno_set
                0x00003848                nrk_error_print
 .text          0x000039be      0x1e8 ../../../src/kernel/source/nrk_stack_check.o
                0x00003a08                dump_stack_info
                0x000039be                nrk_stack_check_pid
                0x00003b60                nrk_stack_check
 .text          0x00003ba6      0x63c ../../../src/kernel/source/nrk_events.o
                0x00003fa8                nrk_signal_delete
                0x00003ec8                nrk_event_signal
                0x00003e20                nrk_sem_post
                0x00003d2a                nrk_sem_create
                0x0000416c                nrk_event_wait
                0x00003de8                nrk_sem_query
                0x00003ba6                nrk_signal_create
                0x00003cb8                nrk_signal_register
                0x000040c4                nrk_sem_pend
                0x00003da2                nrk_sem_delete
                0x00003c20                nrk_signal_get_registered_mask
                0x00003d80                nrk_get_resource_index
                0x00003c32                nrk_signal_unregister
 .text          0x000041e2      0x67e ../../../src/kernel/source/nrk_task.o
                0x000043c6                _nrk_wait_for_scheduler
                0x000043b8                nrk_get_pid
                0x00004738                nrk_wait_until_next_period
                0x00004664                nrk_wait_ticks
                0x00004494                nrk_wait_until
                0x00004592                nrk_set_next_wakeup
                0x00004206                nrk_add_to_readyQ
                0x00004544                nrk_wait_until_nw
                0x000041f0                nrk_print_readyQ
                0x000047b4                nrk_activate_task
                0x0000460e                nrk_wait_until_ticks
                0x000043da                nrk_wait
                0x00004790                nrk_terminate_task
                0x000041e2                nrk_get_high_ready_task_ID
                0x000046d2                nrk_wait_until_next_n_periods
                0x00004314                nrk_rem_from_readyQ
 .text          0x00004860      0x5c0 ../../../src/kernel/source/nrk_time.o
                0x00004a7c                nrk_time_set
                0x00004d6a                nrk_time_get
                0x00004a9e                _nrk_time_to_ticks
                0x00004c5a                _nrk_time_to_ticks_long
                0x0000497e                nrk_time_compact_nanos
                0x000049c2                nrk_time_add
                0x00004860                nrk_time_sub
                0x00004ba2                _nrk_ticks_to_time
 .text          0x00004e20       0x48 ../../../src/kernel/source/nrk_idle_task.o
                0x00004e20                nrk_idle_task
 .text          0x00004e68      0x3f0 ../../../src/kernel/source/nrk_scheduler.o
                0x00004e68                _nrk_scheduler
 .text          0x00005258      0x232 ../../../src/kernel/source/nrk_driver.o
                0x00005400                nrk_write
                0x00005292                nrk_open
                0x00005334                nrk_get_status
                0x00005378                nrk_set_status
                0x00005258                nrk_register_driver
                0x000053bc                nrk_read
                0x00005444                nrk_close
 .text          0x0000548a        0x0 ../../../src/kernel/source/nrk_reserve.o
 .text          0x0000548a      0x398 ../../../src/kernel/hal/atmega1281/nrk_timer.o
                0x00005720                nrk_high_speed_timer_wait
                0x00005698                __vector_32
                0x0000554e                nrk_timer_int_reset
                0x0000551a                _nrk_os_timer_reset
                0x00005616                _nrk_os_timer_get
                0x00005540                nrk_timer_int_stop
                0x0000548a                nrk_spin_wait_us
                0x0000561e                __vector_13
                0x000054a6                _nrk_high_speed_timer_reset
                0x00005684                __vector_17
                0x000057ac                _nrk_setup_timer
                0x000056f4                __vector_default
                0x00005538                _nrk_set_next_wakeup
                0x00005566                nrk_timer_int_read
                0x00005498                _nrk_high_speed_timer_stop
                0x0000549e                _nrk_high_speed_timer_start
                0x0000557a                nrk_timer_int_start
                0x0000561e                __vector_15
                0x00005590                nrk_timer_int_configure
                0x00005502                _nrk_os_timer_set
                0x000054b6                _nrk_high_speed_timer_get
                0x000054ec                _nrk_os_timer_stop
                0x00005508                _nrk_os_timer_start
                0x0000552e                _nrk_get_next_wakeup
 .text          0x00005822      0x2f2 ../../../src/kernel/hal/atmega1281/nrk_ext_int.o
                0x00005822                nrk_ext_int_enable
                0x00005a5c                __vector_1
                0x0000593a                nrk_ext_int_configure
                0x00005ab8                __vector_9
                0x000058b0                nrk_ext_int_disable
 .text          0x00005b14       0x16 ../../../src/kernel/hal/atmega1281/nrk_status.o
                0x00005b28                update_watchdog
                0x00005b14                _nrk_startup_ok
 .text          0x00005b2a       0x54 ../../../src/kernel/hal/atmega1281/nrk_watchdog.o
                0x00005b40                nrk_watchdog_disable
                0x00005b5e                nrk_watchdog_enable
                0x00005b2a                nrk_watchdog_check
                0x00005b3c                nrk_watchdog_reset
 .text          0x00005b7e      0x130 ../../../src/kernel/hal/atmega1281/nrk_cpu.o
                0x00005c32                nrk_stack_pointer_init
                0x00005c70                nrk_task_set_stk
                0x00005b98                nrk_idle
                0x00005b7e                nrk_battery_save
                0x00005bae                nrk_task_set_entry_function
                0x00005c66                nrk_target_start
                0x00005c54                nrk_stack_pointer_restore
                0x00005bb6                nrk_task_stk_init
                0x00005b80                nrk_sleep
 .text          0x00005cae       0x56 ../../../src/kernel/hal/atmega1281/atmel_hw_specific.o
                0x00005cae                nrk_start_high_ready_task
 .text          0x00005d04      0x260 /usr/local/lib/gcc/avr/4.2.2/../../../../avr/lib/avr5/libprintf_min.a(vfprintf_min.o)
                0x00005d04                vfprintf
 .text          0x00005f64        0x0 /usr/local/lib/gcc/avr/4.2.2/avr5/libgcc.a(_mulsi3.o)
 .text          0x00005f64        0x0 /usr/local/lib/gcc/avr/4.2.2/avr5/libgcc.a(_udivmodhi4.o)
 .text          0x00005f64        0x0 /usr/local/lib/gcc/avr/4.2.2/avr5/libgcc.a(_divmodhi4.o)
 .text          0x00005f64        0x0 /usr/local/lib/gcc/avr/4.2.2/avr5/libgcc.a(_udivmodsi4.o)
 .text          0x00005f64        0x0 /usr/local/lib/gcc/avr/4.2.2/avr5/libgcc.a(_prologue.o)
 .text          0x00005f64        0x0 /usr/local/lib/gcc/avr/4.2.2/avr5/libgcc.a(_epilogue.o)
 .text          0x00005f64        0x0 /usr/local/lib/gcc/avr/4.2.2/avr5/libgcc.a(_exit.o)
 .text          0x00005f64        0x0 /usr/local/lib/gcc/avr/4.2.2/avr5/libgcc.a(_clear_bss.o)
 .text          0x00005f64       0xce /usr/local/lib/gcc/avr/4.2.2/../../../../avr/lib/avr5/libc.a(rand.o)
                0x0000600c                rand_r
                0x00006012                rand
                0x0000601c                srand
 .text          0x00006032       0x16 /usr/local/lib/gcc/avr/4.2.2/../../../../avr/lib/avr5/libc.a(strchr_P.o)
                0x00006032                strchr_P
 .text          0x00006048       0x9c /usr/local/lib/gcc/avr/4.2.2/../../../../avr/lib/avr5/libc.a(fdevopen.o)
                0x00006048                fdevopen
 .text          0x000060e4       0x5a /usr/local/lib/gcc/avr/4.2.2/../../../../avr/lib/avr5/libc.a(fputc.o)
                0x000060e4                fputc
 .text          0x0000613e        0x0 /usr/local/lib/gcc/avr/4.2.2/../../../../avr/lib/avr5/libc.a(iob.o)
 .text          0x0000613e       0x2e /usr/local/lib/gcc/avr/4.2.2/../../../../avr/lib/avr5/libc.a(printf.o)
                0x0000613e                printf
 .text          0x0000616c       0x66 /usr/local/lib/gcc/avr/4.2.2/../../../../avr/lib/avr5/libc.a(puts.o)
                0x0000616c                puts
 .text          0x000061d2       0x4a /usr/local/lib/gcc/avr/4.2.2/../../../../avr/lib/avr5/libc.a(sprintf.o)
                0x000061d2                sprintf
 .text          0x0000621c       0xbc /usr/local/lib/gcc/avr/4.2.2/../../../../avr/lib/avr5/libc.a(ultoa_invert.o)
                0x0000621c                __ultoa_invert
 .text          0x000062d8        0x0 /usr/local/lib/gcc/avr/4.2.2/../../../../avr/lib/avr5/libc.a(ee_rb.1F2021.o)
 .text          0x000062d8        0x0 /usr/local/lib/gcc/avr/4.2.2/../../../../avr/lib/avr5/libc.a(ee_wb.1F2021.o)
 .text          0x000062d8       0x38 /usr/local/lib/gcc/avr/4.2.2/../../../../avr/lib/avr5/libc.a(calloc.o)
                0x000062d8                calloc
 .text          0x00006310      0x1fc /usr/local/lib/gcc/avr/4.2.2/../../../../avr/lib/avr5/libc.a(malloc.o)
                0x00006310                malloc
                0x00006460                free
 .text          0x0000650c        0xe /usr/local/lib/gcc/avr/4.2.2/../../../../avr/lib/avr5/libc.a(memset.o)
                0x0000650c                memset
 .text          0x0000651a        0x0 /usr/local/lib/gcc/avr/4.2.2/avr5/libgcc.a(_divmodsi4.o)
                0x0000651a                . = ALIGN (0x2)
 *(.text.*)
 .text.libgcc   0x0000651a       0x3e /usr/local/lib/gcc/avr/4.2.2/avr5/libgcc.a(_mulsi3.o)
                0x0000651a                __mulsi3
 .text.libgcc   0x00006558       0x28 /usr/local/lib/gcc/avr/4.2.2/avr5/libgcc.a(_udivmodhi4.o)
                0x00006558                __udivmodhi4
 .text.libgcc   0x00006580       0x26 /usr/local/lib/gcc/avr/4.2.2/avr5/libgcc.a(_divmodhi4.o)
                0x00006580                __divmodhi4
                0x00006580                _div
 .text.libgcc   0x000065a6       0x44 /usr/local/lib/gcc/avr/4.2.2/avr5/libgcc.a(_udivmodsi4.o)
                0x000065a6                __udivmodsi4
 .text.libgcc   0x000065ea       0x38 /usr/local/lib/gcc/avr/4.2.2/avr5/libgcc.a(_prologue.o)
                0x000065ea                __prologue_saves__
 .text.libgcc   0x00006622       0x36 /usr/local/lib/gcc/avr/4.2.2/avr5/libgcc.a(_epilogue.o)
                0x00006622                __epilogue_restores__
 .text.libgcc   0x00006658        0x0 /usr/local/lib/gcc/avr/4.2.2/avr5/libgcc.a(_exit.o)
 .text.libgcc   0x00006658        0x0 /usr/local/lib/gcc/avr/4.2.2/avr5/libgcc.a(_clear_bss.o)
 .text.eeprom   0x00006658       0x10 /usr/local/lib/gcc/avr/4.2.2/../../../../avr/lib/avr5/libc.a(ee_rb.1F2021.o)
                0x00006658                __eeprom_read_byte_1F2021
 .text.eeprom   0x00006668       0x18 /usr/local/lib/gcc/avr/4.2.2/../../../../avr/lib/avr5/libc.a(ee_wb.1F2021.o)
                0x00006668                __eeprom_write_byte_1F2021
 .text.libgcc   0x00006680       0x36 /usr/local/lib/gcc/avr/4.2.2/avr5/libgcc.a(_divmodsi4.o)
                0x00006680                __divmodsi4
                0x000066b6                . = ALIGN (0x2)
 *(.fini9)
 .fini9         0x000066b6        0x0 /usr/local/lib/gcc/avr/4.2.2/avr5/libgcc.a(_exit.o)
                0x000066b6                exit
                0x000066b6                _exit
 *(.fini9)
 *(.fini8)
 *(.fini8)
 *(.fini7)
 *(.fini7)
 *(.fini6)
 *(.fini6)
 *(.fini5)
 *(.fini5)
 *(.fini4)
 *(.fini4)
 *(.fini3)
 *(.fini3)
 *(.fini2)
 *(.fini2)
 *(.fini1)
 *(.fini1)
 *(.fini0)
 .fini0         0x000066b6        0x2 /usr/local/lib/gcc/avr/4.2.2/avr5/libgcc.a(_exit.o)
 *(.fini0)
                0x000066b8                _etext = .

.data           0x00800200       0xc4 load address 0x000066b8
                0x00800200                PROVIDE (__data_start, .)
 *(.data)
 .data          0x00800200        0x0 /usr/local/lib/gcc/avr/4.2.2/../../../../avr/lib/avr5/crtm1281.o
 .data          0x00800200       0x48 bmac_client.o
 .data          0x00800248        0x0 ../../../src/net/bmac/bmac.o
 .data          0x00800248        0x0 ../../../src/drivers/platform/firefly2_2/source/ff_basic_sensor.o
 .data          0x00800248        0x0 ../../../src/radio/cc2420/source/hal_rf_set_channel.o
 .data          0x00800248        0x0 ../../../src/radio/cc2420/source/hal_rf_wait_for_crystal_oscillator.o
 .data          0x00800248        0x0 ../../../src/radio/cc2420/source/basic_rf.o
 .data          0x00800248       0x21 ../../../src/platform/firefly2_2/source/ulib.o
                0x0080025b                NRK_LED_0
                0x00800260                NRK_FIFOP
                0x00800258                NRK_SFD
                0x00800254                NRK_DEBUG_3
                0x0080025c                NRK_LED_1
                0x00800266                NRK_ADC_INPUT_5
                0x00800262                NRK_ADC_INPUT_1
                0x0080025a                NRK_UART0_TXD
                0x0080025d                NRK_LED_2
                0x0080024a                NRK_BUTTON
                0x00800261                NRK_ADC_INPUT_0
                0x00800249                NRK_DEBUG_1
                0x0080025f                NRK_GPIO34
                0x00800257                NRK_CCA
                0x00800267                NRK_ADC_INPUT_6
                0x00800248                NRK_DEBUG_0
                0x00800264                NRK_ADC_INPUT_3
                0x0080024f                NRK_GPIO26
                0x0080024e                NRK_MISO
                0x00800250                NRK_MMC_11
                0x0080024d                NRK_MOSI
                0x00800265                NRK_ADC_INPUT_4
                0x00800256                NRK_UART1_TXD
                0x00800259                NRK_UART0_RXD
                0x00800268                NRK_ADC_INPUT_7
                0x00800253                NRK_DEBUG_2
                0x00800252                NRK_MMC_9
                0x0080025e                NRK_LED_3
                0x0080024b                NRK_SPI_SS
                0x00800251                NRK_MMC_10
                0x00800255                NRK_UART1_RXD
                0x00800263                NRK_ADC_INPUT_2
                0x0080024c                NRK_SCK
 .data          0x00800269        0x0 ../../../src/platform/firefly2_2/source/hal_wait.o
 .data          0x00800269        0x0 ../../../src/platform/firefly2_2/source/nrk_eeprom.o
 .data          0x00800269        0x0 ../../../src/kernel/source/nrk.o
 .data          0x00800269        0x0 ../../../src/kernel/source/nrk_stats.o
 .data          0x00800269        0x3 ../../../src/kernel/source/nrk_error.o
 .data          0x0080026c       0x4e ../../../src/kernel/source/nrk_stack_check.o
 .data          0x008002ba        0x0 ../../../src/kernel/source/nrk_events.o
 .data          0x008002ba        0x0 ../../../src/kernel/source/nrk_task.o
 .data          0x008002ba        0x0 ../../../src/kernel/source/nrk_time.o
 .data          0x008002ba        0x0 ../../../src/kernel/source/nrk_idle_task.o
 .data          0x008002ba        0x0 ../../../src/kernel/source/nrk_scheduler.o
 .data          0x008002ba        0x0 ../../../src/kernel/source/nrk_driver.o
 .data          0x008002ba        0x0 ../../../src/kernel/source/nrk_reserve.o
 .data          0x008002ba        0x0 ../../../src/kernel/hal/atmega1281/nrk_timer.o
 .data          0x008002ba        0x0 ../../../src/kernel/hal/atmega1281/nrk_ext_int.o
 .data          0x008002ba        0x0 ../../../src/kernel/hal/atmega1281/nrk_status.o
 .data          0x008002ba        0x0 ../../../src/kernel/hal/atmega1281/nrk_watchdog.o
 .data          0x008002ba        0x0 ../../../src/kernel/hal/atmega1281/nrk_cpu.o
 .data          0x008002ba        0x0 ../../../src/kernel/hal/atmega1281/atmel_hw_specific.o
 .data          0x008002ba        0x0 /usr/local/lib/gcc/avr/4.2.2/../../../../avr/lib/avr5/libprintf_min.a(vfprintf_min.o)
 .data          0x008002ba        0x0 /usr/local/lib/gcc/avr/4.2.2/avr5/libgcc.a(_mulsi3.o)
 .data          0x008002ba        0x0 /usr/local/lib/gcc/avr/4.2.2/avr5/libgcc.a(_udivmodhi4.o)
 .data          0x008002ba        0x0 /usr/local/lib/gcc/avr/4.2.2/avr5/libgcc.a(_divmodhi4.o)
 .data          0x008002ba        0x0 /usr/local/lib/gcc/avr/4.2.2/avr5/libgcc.a(_udivmodsi4.o)
 .data          0x008002ba        0x0 /usr/local/lib/gcc/avr/4.2.2/avr5/libgcc.a(_prologue.o)
 .data          0x008002ba        0x0 /usr/local/lib/gcc/avr/4.2.2/avr5/libgcc.a(_epilogue.o)
 .data          0x008002ba        0x0 /usr/local/lib/gcc/avr/4.2.2/avr5/libgcc.a(_exit.o)
 .data          0x008002ba        0x0 /usr/local/lib/gcc/avr/4.2.2/avr5/libgcc.a(_clear_bss.o)
 .data          0x008002ba        0x4 /usr/local/lib/gcc/avr/4.2.2/../../../../avr/lib/avr5/libc.a(rand.o)
 .data          0x008002be        0x0 /usr/local/lib/gcc/avr/4.2.2/../../../../avr/lib/avr5/libc.a(strchr_P.o)
 .data          0x008002be        0x0 /usr/local/lib/gcc/avr/4.2.2/../../../../avr/lib/avr5/libc.a(fdevopen.o)
 .data          0x008002be        0x0 /usr/local/lib/gcc/avr/4.2.2/../../../../avr/lib/avr5/libc.a(fputc.o)
 .data          0x008002be        0x0 /usr/local/lib/gcc/avr/4.2.2/../../../../avr/lib/avr5/libc.a(iob.o)
 .data          0x008002be        0x0 /usr/local/lib/gcc/avr/4.2.2/../../../../avr/lib/avr5/libc.a(printf.o)
 .data          0x008002be        0x0 /usr/local/lib/gcc/avr/4.2.2/../../../../avr/lib/avr5/libc.a(puts.o)
 .data          0x008002be        0x0 /usr/local/lib/gcc/avr/4.2.2/../../../../avr/lib/avr5/libc.a(sprintf.o)
 .data          0x008002be        0x0 /usr/local/lib/gcc/avr/4.2.2/../../../../avr/lib/avr5/libc.a(ultoa_invert.o)
 .data          0x008002be        0x0 /usr/local/lib/gcc/avr/4.2.2/../../../../avr/lib/avr5/libc.a(ee_rb.1F2021.o)
 .data          0x008002be        0x0 /usr/local/lib/gcc/avr/4.2.2/../../../../avr/lib/avr5/libc.a(ee_wb.1F2021.o)
 .data          0x008002be        0x0 /usr/local/lib/gcc/avr/4.2.2/../../../../avr/lib/avr5/libc.a(calloc.o)
 .data          0x008002be        0x6 /usr/local/lib/gcc/avr/4.2.2/../../../../avr/lib/avr5/libc.a(malloc.o)
                0x008002c0                __malloc_heap_start
                0x008002c2                __malloc_heap_end
                0x008002be                __malloc_margin
 .data          0x008002c4        0x0 /usr/local/lib/gcc/avr/4.2.2/../../../../avr/lib/avr5/libc.a(memset.o)
 .data          0x008002c4        0x0 /usr/local/lib/gcc/avr/4.2.2/avr5/libgcc.a(_divmodsi4.o)
 *(.data*)
 *(.rodata)
 *(.rodata*)
 *(.gnu.linkonce.d*)
                0x008002c4                . = ALIGN (0x2)
                0x008002c4                _edata = .
                0x008002c4                PROVIDE (__data_end, .)

.bss            0x008002c4      0x3ed load address 0x0000677c
                0x008002c4                PROVIDE (__bss_start, .)
 *(.bss)
 .bss           0x008002c4        0x0 /usr/local/lib/gcc/avr/4.2.2/../../../../avr/lib/avr5/crtm1281.o
 .bss           0x008002c4        0x0 bmac_client.o
 .bss           0x008002c4        0x0 ../../../src/net/bmac/bmac.o
 .bss           0x008002c4        0x0 ../../../src/drivers/platform/firefly2_2/source/ff_basic_sensor.o
 .bss           0x008002c4        0x0 ../../../src/radio/cc2420/source/hal_rf_set_channel.o
 .bss           0x008002c4        0x0 ../../../src/radio/cc2420/source/hal_rf_wait_for_crystal_oscillator.o
 .bss           0x008002c4        0x0 ../../../src/radio/cc2420/source/basic_rf.o
 .bss           0x008002c4        0x0 ../../../src/platform/firefly2_2/source/ulib.o
 .bss           0x008002c4        0x0 ../../../src/platform/firefly2_2/source/hal_wait.o
 .bss           0x008002c4        0x0 ../../../src/platform/firefly2_2/source/nrk_eeprom.o
 .bss           0x008002c4        0x0 ../../../src/kernel/source/nrk.o
 .bss           0x008002c4        0x0 ../../../src/kernel/source/nrk_stats.o
 .bss           0x008002c4        0x0 ../../../src/kernel/source/nrk_error.o
 .bss           0x008002c4        0x0 ../../../src/kernel/source/nrk_stack_check.o
 .bss           0x008002c4        0x0 ../../../src/kernel/source/nrk_events.o
 .bss           0x008002c4        0x0 ../../../src/kernel/source/nrk_task.o
 .bss           0x008002c4        0x0 ../../../src/kernel/source/nrk_time.o
 .bss           0x008002c4        0x0 ../../../src/kernel/source/nrk_idle_task.o
 .bss           0x008002c4        0x0 ../../../src/kernel/source/nrk_scheduler.o
 .bss           0x008002c4        0x0 ../../../src/kernel/source/nrk_driver.o
 .bss           0x008002c4        0x0 ../../../src/kernel/source/nrk_reserve.o
 .bss           0x008002c4        0x0 ../../../src/kernel/hal/atmega1281/nrk_timer.o
 .bss           0x008002c4        0x0 ../../../src/kernel/hal/atmega1281/nrk_ext_int.o
 .bss           0x008002c4        0x0 ../../../src/kernel/hal/atmega1281/nrk_status.o
 .bss           0x008002c4        0x0 ../../../src/kernel/hal/atmega1281/nrk_watchdog.o
 .bss           0x008002c4        0x0 ../../../src/kernel/hal/atmega1281/nrk_cpu.o
 .bss           0x008002c4        0x0 ../../../src/kernel/hal/atmega1281/atmel_hw_specific.o
 .bss           0x008002c4        0x0 /usr/local/lib/gcc/avr/4.2.2/../../../../avr/lib/avr5/libprintf_min.a(vfprintf_min.o)
 .bss           0x008002c4        0x0 /usr/local/lib/gcc/avr/4.2.2/avr5/libgcc.a(_mulsi3.o)
 .bss           0x008002c4        0x0 /usr/local/lib/gcc/avr/4.2.2/avr5/libgcc.a(_udivmodhi4.o)
 .bss           0x008002c4        0x0 /usr/local/lib/gcc/avr/4.2.2/avr5/libgcc.a(_divmodhi4.o)
 .bss           0x008002c4        0x0 /usr/local/lib/gcc/avr/4.2.2/avr5/libgcc.a(_udivmodsi4.o)
 .bss           0x008002c4        0x0 /usr/local/lib/gcc/avr/4.2.2/avr5/libgcc.a(_prologue.o)
 .bss           0x008002c4        0x0 /usr/local/lib/gcc/avr/4.2.2/avr5/libgcc.a(_epilogue.o)
 .bss           0x008002c4        0x0 /usr/local/lib/gcc/avr/4.2.2/avr5/libgcc.a(_exit.o)
 .bss           0x008002c4        0x0 /usr/local/lib/gcc/avr/4.2.2/avr5/libgcc.a(_clear_bss.o)
 .bss           0x008002c4        0x0 /usr/local/lib/gcc/avr/4.2.2/../../../../avr/lib/avr5/libc.a(rand.o)
 .bss           0x008002c4        0x0 /usr/local/lib/gcc/avr/4.2.2/../../../../avr/lib/avr5/libc.a(strchr_P.o)
 .bss           0x008002c4        0x0 /usr/local/lib/gcc/avr/4.2.2/../../../../avr/lib/avr5/libc.a(fdevopen.o)
 .bss           0x008002c4        0x0 /usr/local/lib/gcc/avr/4.2.2/../../../../avr/lib/avr5/libc.a(fputc.o)
 .bss           0x008002c4        0x0 /usr/local/lib/gcc/avr/4.2.2/../../../../avr/lib/avr5/libc.a(iob.o)
 .bss           0x008002c4        0x0 /usr/local/lib/gcc/avr/4.2.2/../../../../avr/lib/avr5/libc.a(printf.o)
 .bss           0x008002c4        0x0 /usr/local/lib/gcc/avr/4.2.2/../../../../avr/lib/avr5/libc.a(puts.o)
 .bss           0x008002c4        0x0 /usr/local/lib/gcc/avr/4.2.2/../../../../avr/lib/avr5/libc.a(sprintf.o)
 .bss           0x008002c4        0x0 /usr/local/lib/gcc/avr/4.2.2/../../../../avr/lib/avr5/libc.a(ultoa_invert.o)
 .bss           0x008002c4        0x0 /usr/local/lib/gcc/avr/4.2.2/../../../../avr/lib/avr5/libc.a(ee_rb.1F2021.o)
 .bss           0x008002c4        0x0 /usr/local/lib/gcc/avr/4.2.2/../../../../avr/lib/avr5/libc.a(ee_wb.1F2021.o)
 .bss           0x008002c4        0x0 /usr/local/lib/gcc/avr/4.2.2/../../../../avr/lib/avr5/libc.a(calloc.o)
 .bss           0x008002c4        0x0 /usr/local/lib/gcc/avr/4.2.2/../../../../avr/lib/avr5/libc.a(malloc.o)
 .bss           0x008002c4        0x0 /usr/local/lib/gcc/avr/4.2.2/../../../../avr/lib/avr5/libc.a(memset.o)
 .bss           0x008002c4        0x0 /usr/local/lib/gcc/avr/4.2.2/avr5/libgcc.a(_divmodsi4.o)
 *(.bss*)
 *(COMMON)
 COMMON         0x008002c4      0x2d7 bmac_client.o
                0x008002c4                tx_task_stack
                0x008003c4                cca_active
                0x008003c5                error_task
                0x008003c6                bmac_task
                0x008003e9                bmac_enable_signal
                0x008003ea                bmac_rfTxInfo
                0x008003f1                _nrk_signal_list
                0x008003f5                bmac_rx_pkt_signal
                0x008003f6                nrk_kernel_stk_ptr
                0x008003f8                tx_buf
                0x0080046c                TX_TASK
                0x0080048f                bmac_task_stack
                0x0080050f                bmac_rfRxInfo
                0x00800518                error_num
                0x00800519                nrk_idle_task_stk
                0x00800599                bmac_tx_pkt_done_signal
                0x0080059a                tx_reserve
 COMMON         0x0080059b       0x13 ../../../src/net/bmac/bmac.o
                0x0080059b                app_timer0_callback
                0x0080059d                bmac_running
                0x0080059e                is_enabled
                0x0080059f                tx_data_ready
                0x008005a0                _nrk_time_trigger
                0x008005a1                _bmac_check_period
                0x008005a9                pkt_got_ack
                0x008005aa                app_timer0_prescale
                0x008005ab                g_chan
                0x008005ac                _nrk_prev_timer_val
                0x008005ad                rx_buf_empty
 COMMON         0x008005ae        0x2 ../../../src/drivers/platform/firefly2_2/source/ff_basic_sensor.o
                0x008005ae                is_open
                0x008005af                channel
 COMMON         0x008005b0       0x1b ../../../src/radio/cc2420/source/basic_rf.o
                0x008005b0                rx_ctr
                0x008005b4                radio_sem
                0x008005b6                security_enable
                0x008005b7                mdmctrl0
                0x008005b9                rfSettings
                0x008005c2                tmp_blah
                0x008005c4                auto_ack_enable
                0x008005c5                last_pkt_encrypted
                0x008005c6                tx_ctr
                0x008005ca                rx_ready
 COMMON         0x008005cb       0x13 ../../../src/platform/firefly2_2/source/ulib.o
                0x008005cb                uart_rx_buf_end
                0x008005cc                uart_rx_buf
                0x008005dc                uart_rx_signal
                0x008005dd                uart_rx_buf_start
 COMMON         0x008005de       0xbb ../../../src/kernel/source/nrk.o
                0x008005de                _free_node
                0x008005e0                nrk_task_TCB
                0x00800664                next_next_wakeup
                0x00800666                nrk_sem_list
                0x0080066c                nrk_task_init_cnt
                0x0080066d                nrk_wakeup_signal
                0x0080066e                nrk_high_ready_TCB
                0x00800670                nrk_cur_task_prio
                0x00800671                _nrk_cpu_state
                0x00800672                _head_node
                0x00800674                nrk_system_time
                0x0080067c                _nrk_resource_cnt
                0x0080067d                nrk_cur_task_TCB
                0x0080067f                nrk_high_ready_prio
                0x00800680                _nrk_readyQ
 COMMON         0x00800699        0x6 ../../../src/kernel/source/nrk_driver.o
                0x00800699                _nrk_driver_count
                0x0080069a                nrk_drivers
                0x0080069e                nrk_driver_init
 COMMON         0x0080069f        0x8 ../../../src/kernel/hal/atmega1281/nrk_ext_int.o
                0x0080069f                ext_int1_callback
                0x008006a1                ext_int0_callback
                0x008006a3                ext_int2_callback
                0x008006a5                pc_int0_callback
 COMMON         0x008006a7        0x6 /usr/local/lib/gcc/avr/4.2.2/../../../../avr/lib/avr5/libc.a(iob.o)
                0x008006a7                __iob
 COMMON         0x008006ad        0x4 /usr/local/lib/gcc/avr/4.2.2/../../../../avr/lib/avr5/libc.a(malloc.o)
                0x008006ad                __brkval
                0x008006af                __flp
                0x008006b1                PROVIDE (__bss_end, .)
                0x000066b8                __data_load_start = LOADADDR (.data)
                0x0000677c                __data_load_end = (__data_load_start + SIZEOF (.data))

.noinit         0x008006b1        0x0
                0x008006b1                PROVIDE (__noinit_start, .)
 *(.noinit*)
                0x008006b1                PROVIDE (__noinit_end, .)
                0x008006b1                _end = .
                0x008006b1                PROVIDE (__heap_start, .)

.eeprom         0x00810000        0x0
 *(.eeprom*)
                0x00810000                __eeprom_end = .

.stab           0x00000000     0xff3c
 *(.stab)
 .stab          0x00000000      0x414 /usr/local/lib/gcc/avr/4.2.2/../../../../avr/lib/avr5/crtm1281.o
 .stab          0x00000414      0xc18 bmac_client.o
                                0xc24 (size before relaxing)
 .stab          0x0000102c     0x177c ../../../src/net/bmac/bmac.o
                               0x1adc (size before relaxing)
 .stab          0x000027a8      0x870 ../../../src/drivers/platform/firefly2_2/source/ff_basic_sensor.o
                                0xc90 (size before relaxing)
 .stab          0x00003018      0x21c ../../../src/radio/cc2420/source/hal_rf_set_channel.o
                                0x534 (size before relaxing)
 .stab          0x00003234      0x21c ../../../src/radio/cc2420/source/hal_rf_wait_for_crystal_oscillator.o
                                0x534 (size before relaxing)
 .stab          0x00003450     0x1c80 ../../../src/radio/cc2420/source/basic_rf.o
                               0x204c (size before relaxing)
 .stab          0x000050d0     0x114c ../../../src/platform/firefly2_2/source/ulib.o
                               0x14b8 (size before relaxing)
 .stab          0x0000621c      0x204 ../../../src/platform/firefly2_2/source/hal_wait.o
                                0x51c (size before relaxing)
 .stab          0x00006420      0xb28 ../../../src/platform/firefly2_2/source/nrk_eeprom.o
                                0xe4c (size before relaxing)
 .stab          0x00006f48      0x8ac ../../../src/kernel/source/nrk.o
                                0xc90 (size before relaxing)
 .stab          0x000077f4      0x27c ../../../src/kernel/source/nrk_stats.o
                                0x66c (size before relaxing)
 .stab          0x00007a70      0x768 ../../../src/kernel/source/nrk_error.o
                                0xb70 (size before relaxing)
 .stab          0x000081d8      0x42c ../../../src/kernel/source/nrk_stack_check.o
                                0x81c (size before relaxing)
 .stab          0x00008604      0xd50 ../../../src/kernel/source/nrk_events.o
                               0x111c (size before relaxing)
 .stab          0x00009354      0xf60 ../../../src/kernel/source/nrk_task.o
                               0x132c (size before relaxing)
 .stab          0x0000a2b4      0x6cc ../../../src/kernel/source/nrk_time.o
                                0xa80 (size before relaxing)
 .stab          0x0000a980      0x2e8 ../../../src/kernel/source/nrk_idle_task.o
                                0x6f0 (size before relaxing)
 .stab          0x0000ac68      0x6c0 ../../../src/kernel/source/nrk_scheduler.o
                                0xa8c (size before relaxing)
 .stab          0x0000b328      0x69c ../../../src/kernel/source/nrk_driver.o
                                0xa8c (size before relaxing)
 .stab          0x0000b9c4       0xe4 ../../../src/kernel/source/nrk_reserve.o
                                 0xf0 (size before relaxing)
 .stab          0x0000baa8      0xca8 ../../../src/kernel/hal/atmega1281/nrk_timer.o
                                0xff0 (size before relaxing)
 .stab          0x0000c750      0x618 ../../../src/kernel/hal/atmega1281/nrk_ext_int.o
                                0x948 (size before relaxing)
 .stab          0x0000cd68      0x21c ../../../src/kernel/hal/atmega1281/nrk_status.o
                                0x534 (size before relaxing)
 .stab          0x0000cf84      0x384 ../../../src/kernel/hal/atmega1281/nrk_watchdog.o
                                0x738 (size before relaxing)
 .stab          0x0000d308      0x6f0 ../../../src/kernel/hal/atmega1281/nrk_cpu.o
                                0xabc (size before relaxing)
 .stab          0x0000d9f8      0x204 ../../../src/kernel/hal/atmega1281/atmel_hw_specific.o
                                0x210 (size before relaxing)
 .stab          0x0000dbfc      0x7e0 /usr/local/lib/gcc/avr/4.2.2/../../../../avr/lib/avr5/libprintf_min.a(vfprintf_min.o)
                                0x840 (size before relaxing)
 .stab          0x0000e3dc      0x2f4 /usr/local/lib/gcc/avr/4.2.2/../../../../avr/lib/avr5/libc.a(rand.o)
                                0x330 (size before relaxing)
 .stab          0x0000e6d0       0x9c /usr/local/lib/gcc/avr/4.2.2/../../../../avr/lib/avr5/libc.a(strchr_P.o)
                                 0xa8 (size before relaxing)
 .stab          0x0000e76c      0x27c /usr/local/lib/gcc/avr/4.2.2/../../../../avr/lib/avr5/libc.a(fdevopen.o)
                                0x4a4 (size before relaxing)
 .stab          0x0000e9e8      0x1d4 /usr/local/lib/gcc/avr/4.2.2/../../../../avr/lib/avr5/libc.a(fputc.o)
                                0x3b4 (size before relaxing)
 .stab          0x0000ebbc      0x12c /usr/local/lib/gcc/avr/4.2.2/../../../../avr/lib/avr5/libc.a(iob.o)
                                0x30c (size before relaxing)
 .stab          0x0000ece8      0x1b0 /usr/local/lib/gcc/avr/4.2.2/../../../../avr/lib/avr5/libc.a(printf.o)
                                0x390 (size before relaxing)
 .stab          0x0000ee98      0x1e0 /usr/local/lib/gcc/avr/4.2.2/../../../../avr/lib/avr5/libc.a(puts.o)
                                0x3c0 (size before relaxing)
 .stab          0x0000f078      0x1f8 /usr/local/lib/gcc/avr/4.2.2/../../../../avr/lib/avr5/libc.a(sprintf.o)
                                0x3d8 (size before relaxing)
 .stab          0x0000f270      0x480 /usr/local/lib/gcc/avr/4.2.2/../../../../avr/lib/avr5/libc.a(ultoa_invert.o)
                                0x48c (size before relaxing)
 .stab          0x0000f6f0       0x78 /usr/local/lib/gcc/avr/4.2.2/../../../../avr/lib/avr5/libc.a(ee_rb.1F2021.o)
                                 0x84 (size before relaxing)
 .stab          0x0000f768       0xa8 /usr/local/lib/gcc/avr/4.2.2/../../../../avr/lib/avr5/libc.a(ee_wb.1F2021.o)
                                 0xb4 (size before relaxing)
 .stab          0x0000f810      0x198 /usr/local/lib/gcc/avr/4.2.2/../../../../avr/lib/avr5/libc.a(calloc.o)
                                0x1f8 (size before relaxing)
 .stab          0x0000f9a8      0x528 /usr/local/lib/gcc/avr/4.2.2/../../../../avr/lib/avr5/libc.a(malloc.o)
                                0x708 (size before relaxing)
 .stab          0x0000fed0       0x6c /usr/local/lib/gcc/avr/4.2.2/../../../../avr/lib/avr5/libc.a(memset.o)
                                 0x78 (size before relaxing)

.stabstr        0x00000000     0x62ec
 *(.stabstr)
 .stabstr       0x00000000     0x62ec /usr/local/lib/gcc/avr/4.2.2/../../../../avr/lib/avr5/crtm1281.o

.stab.excl
 *(.stab.excl)

.stab.exclstr
 *(.stab.exclstr)

.stab.index
 *(.stab.index)

.stab.indexstr
 *(.stab.indexstr)

.comment
 *(.comment)

.debug
 *(.debug)

.line
 *(.line)

.debug_srcinfo
 *(.debug_srcinfo)

.debug_sfnames
 *(.debug_sfnames)

.debug_aranges
 *(.debug_aranges)

.debug_pubnames
 *(.debug_pubnames)

.debug_info
 *(.debug_info)
 *(.gnu.linkonce.wi.*)

.debug_abbrev
 *(.debug_abbrev)

.debug_line
 *(.debug_line)

.debug_frame
 *(.debug_frame)

.debug_str
 *(.debug_str)

.debug_loc
 *(.debug_loc)

.debug_macinfo
 *(.debug_macinfo)
OUTPUT(bmac_client.elf elf32-avr)
LOAD linker stubs

Cross Reference Table

Symbol                                            File
NRK_ADC_INPUT_0                                   ../../../src/platform/firefly2_2/source/ulib.o
NRK_ADC_INPUT_1                                   ../../../src/platform/firefly2_2/source/ulib.o
NRK_ADC_INPUT_2                                   ../../../src/platform/firefly2_2/source/ulib.o
NRK_ADC_INPUT_3                                   ../../../src/platform/firefly2_2/source/ulib.o
NRK_ADC_INPUT_4                                   ../../../src/platform/firefly2_2/source/ulib.o
NRK_ADC_INPUT_5                                   ../../../src/platform/firefly2_2/source/ulib.o
NRK_ADC_INPUT_6                                   ../../../src/platform/firefly2_2/source/ulib.o
NRK_ADC_INPUT_7                                   ../../../src/platform/firefly2_2/source/ulib.o
NRK_BUTTON                                        ../../../src/platform/firefly2_2/source/ulib.o
                                                  bmac_client.o
NRK_CCA                                           ../../../src/platform/firefly2_2/source/ulib.o
NRK_DEBUG_0                                       ../../../src/platform/firefly2_2/source/ulib.o
                                                  bmac_client.o
NRK_DEBUG_1                                       ../../../src/platform/firefly2_2/source/ulib.o
NRK_DEBUG_2                                       ../../../src/platform/firefly2_2/source/ulib.o
NRK_DEBUG_3                                       ../../../src/platform/firefly2_2/source/ulib.o
NRK_FIFOP                                         ../../../src/platform/firefly2_2/source/ulib.o
NRK_GPIO26                                        ../../../src/platform/firefly2_2/source/ulib.o
NRK_GPIO34                                        ../../../src/platform/firefly2_2/source/ulib.o
NRK_LED_0                                         ../../../src/platform/firefly2_2/source/ulib.o
NRK_LED_1                                         ../../../src/platform/firefly2_2/source/ulib.o
NRK_LED_2                                         ../../../src/platform/firefly2_2/source/ulib.o
NRK_LED_3                                         ../../../src/platform/firefly2_2/source/ulib.o
NRK_MISO                                          ../../../src/platform/firefly2_2/source/ulib.o
NRK_MMC_10                                        ../../../src/platform/firefly2_2/source/ulib.o
NRK_MMC_11                                        ../../../src/platform/firefly2_2/source/ulib.o
NRK_MMC_9                                         ../../../src/platform/firefly2_2/source/ulib.o
NRK_MOSI                                          ../../../src/platform/firefly2_2/source/ulib.o
NRK_SCK                                           ../../../src/platform/firefly2_2/source/ulib.o
NRK_SFD                                           ../../../src/platform/firefly2_2/source/ulib.o
NRK_SPI_SS                                        ../../../src/platform/firefly2_2/source/ulib.o
NRK_UART0_RXD                                     ../../../src/platform/firefly2_2/source/ulib.o
NRK_UART0_TXD                                     ../../../src/platform/firefly2_2/source/ulib.o
NRK_UART1_RXD                                     ../../../src/platform/firefly2_2/source/ulib.o
NRK_UART1_TXD                                     ../../../src/platform/firefly2_2/source/ulib.o
PORT_INIT                                         ../../../src/platform/firefly2_2/source/ulib.o
TX_TASK                                           bmac_client.o
__bad_interrupt                                   /usr/local/lib/gcc/avr/4.2.2/../../../../avr/lib/avr5/crtm1281.o
__brkval                                          /usr/local/lib/gcc/avr/4.2.2/../../../../avr/lib/avr5/libc.a(malloc.o)
__bss_end                                         /usr/local/lib/gcc/avr/4.2.2/avr5/libgcc.a(_clear_bss.o)
__bss_start                                       /usr/local/lib/gcc/avr/4.2.2/avr5/libgcc.a(_clear_bss.o)
__data_end                                        /usr/local/lib/gcc/avr/4.2.2/../../../../avr/lib/avr5/crtm1281.o
__data_load_start                                 /usr/local/lib/gcc/avr/4.2.2/../../../../avr/lib/avr5/crtm1281.o
__data_start                                      /usr/local/lib/gcc/avr/4.2.2/../../../../avr/lib/avr5/crtm1281.o
__divmodhi4                                       /usr/local/lib/gcc/avr/4.2.2/avr5/libgcc.a(_divmodhi4.o)
                                                  ../../../src/drivers/platform/firefly2_2/source/ff_basic_sensor.o
                                                  ../../../src/net/bmac/bmac.o
__divmodsi4                                       /usr/local/lib/gcc/avr/4.2.2/avr5/libgcc.a(_divmodsi4.o)
                                                  /usr/local/lib/gcc/avr/4.2.2/../../../../avr/lib/avr5/libc.a(rand.o)
__do_clear_bss                                    /usr/local/lib/gcc/avr/4.2.2/avr5/libgcc.a(_clear_bss.o)
                                                  /usr/local/lib/gcc/avr/4.2.2/../../../../avr/lib/avr5/libc.a(malloc.o)
                                                  /usr/local/lib/gcc/avr/4.2.2/../../../../avr/lib/avr5/libc.a(calloc.o)
                                                  /usr/local/lib/gcc/avr/4.2.2/../../../../avr/lib/avr5/libc.a(sprintf.o)
                                                  /usr/local/lib/gcc/avr/4.2.2/../../../../avr/lib/avr5/libc.a(puts.o)
                                                  /usr/local/lib/gcc/avr/4.2.2/../../../../avr/lib/avr5/libc.a(printf.o)
                                                  /usr/local/lib/gcc/avr/4.2.2/../../../../avr/lib/avr5/libc.a(iob.o)
                                                  /usr/local/lib/gcc/avr/4.2.2/../../../../avr/lib/avr5/libc.a(fputc.o)
                                                  /usr/local/lib/gcc/avr/4.2.2/../../../../avr/lib/avr5/libc.a(fdevopen.o)
                                                  /usr/local/lib/gcc/avr/4.2.2/../../../../avr/lib/avr5/libc.a(rand.o)
                                                  /usr/local/lib/gcc/avr/4.2.2/../../../../avr/lib/avr5/libprintf_min.a(vfprintf_min.o)
                                                  ../../../src/kernel/hal/atmega1281/nrk_cpu.o
                                                  ../../../src/kernel/hal/atmega1281/nrk_watchdog.o
                                                  ../../../src/kernel/hal/atmega1281/nrk_status.o
                                                  ../../../src/kernel/hal/atmega1281/nrk_ext_int.o
                                                  ../../../src/kernel/hal/atmega1281/nrk_timer.o
                                                  ../../../src/kernel/source/nrk_reserve.o
                                                  ../../../src/kernel/source/nrk_driver.o
                                                  ../../../src/kernel/source/nrk_scheduler.o
                                                  ../../../src/kernel/source/nrk_idle_task.o
                                                  ../../../src/kernel/source/nrk_time.o
                                                  ../../../src/kernel/source/nrk_task.o
                                                  ../../../src/kernel/source/nrk_events.o
                                                  ../../../src/kernel/source/nrk_stack_check.o
                                                  ../../../src/kernel/source/nrk_error.o
                                                  ../../../src/kernel/source/nrk_stats.o
                                                  ../../../src/kernel/source/nrk.o
                                                  ../../../src/platform/firefly2_2/source/nrk_eeprom.o
                                                  ../../../src/platform/firefly2_2/source/hal_wait.o
                                                  ../../../src/platform/firefly2_2/source/ulib.o
                                                  ../../../src/radio/cc2420/source/basic_rf.o
                                                  ../../../src/radio/cc2420/source/hal_rf_wait_for_crystal_oscillator.o
                                                  ../../../src/radio/cc2420/source/hal_rf_set_channel.o
                                                  ../../../src/drivers/platform/firefly2_2/source/ff_basic_sensor.o
                                                  ../../../src/net/bmac/bmac.o
                                                  bmac_client.o
__do_copy_data                                    /usr/local/lib/gcc/avr/4.2.2/../../../../avr/lib/avr5/crtm1281.o
                                                  /usr/local/lib/gcc/avr/4.2.2/../../../../avr/lib/avr5/libc.a(malloc.o)
                                                  /usr/local/lib/gcc/avr/4.2.2/../../../../avr/lib/avr5/libc.a(calloc.o)
                                                  /usr/local/lib/gcc/avr/4.2.2/../../../../avr/lib/avr5/libc.a(sprintf.o)
                                                  /usr/local/lib/gcc/avr/4.2.2/../../../../avr/lib/avr5/libc.a(puts.o)
                                                  /usr/local/lib/gcc/avr/4.2.2/../../../../avr/lib/avr5/libc.a(printf.o)
                                                  /usr/local/lib/gcc/avr/4.2.2/../../../../avr/lib/avr5/libc.a(iob.o)
                                                  /usr/local/lib/gcc/avr/4.2.2/../../../../avr/lib/avr5/libc.a(fputc.o)
                                                  /usr/local/lib/gcc/avr/4.2.2/../../../../avr/lib/avr5/libc.a(fdevopen.o)
                                                  /usr/local/lib/gcc/avr/4.2.2/../../../../avr/lib/avr5/libc.a(rand.o)
                                                  /usr/local/lib/gcc/avr/4.2.2/../../../../avr/lib/avr5/libprintf_min.a(vfprintf_min.o)
                                                  ../../../src/kernel/hal/atmega1281/nrk_cpu.o
                                                  ../../../src/kernel/hal/atmega1281/nrk_watchdog.o
                                                  ../../../src/kernel/hal/atmega1281/nrk_status.o
                                                  ../../../src/kernel/hal/atmega1281/nrk_ext_int.o
                                                  ../../../src/kernel/hal/atmega1281/nrk_timer.o
                                                  ../../../src/kernel/source/nrk_reserve.o
                                                  ../../../src/kernel/source/nrk_driver.o
                                                  ../../../src/kernel/source/nrk_scheduler.o
                                                  ../../../src/kernel/source/nrk_idle_task.o
                                                  ../../../src/kernel/source/nrk_time.o
                                                  ../../../src/kernel/source/nrk_task.o
                                                  ../../../src/kernel/source/nrk_events.o
                                                  ../../../src/kernel/source/nrk_stack_check.o
                                                  ../../../src/kernel/source/nrk_error.o
                                                  ../../../src/kernel/source/nrk_stats.o
                                                  ../../../src/kernel/source/nrk.o
                                                  ../../../src/platform/firefly2_2/source/nrk_eeprom.o
                                                  ../../../src/platform/firefly2_2/source/hal_wait.o
                                                  ../../../src/platform/firefly2_2/source/ulib.o
                                                  ../../../src/radio/cc2420/source/basic_rf.o
                                                  ../../../src/radio/cc2420/source/hal_rf_wait_for_crystal_oscillator.o
                                                  ../../../src/radio/cc2420/source/hal_rf_set_channel.o
                                                  ../../../src/drivers/platform/firefly2_2/source/ff_basic_sensor.o
                                                  ../../../src/net/bmac/bmac.o
                                                  bmac_client.o
__eeprom_read_byte_1F2021                         /usr/local/lib/gcc/avr/4.2.2/../../../../avr/lib/avr5/libc.a(ee_rb.1F2021.o)
                                                  ../../../src/platform/firefly2_2/source/nrk_eeprom.o
__eeprom_write_byte_1F2021                        /usr/local/lib/gcc/avr/4.2.2/../../../../avr/lib/avr5/libc.a(ee_wb.1F2021.o)
                                                  ../../../src/platform/firefly2_2/source/nrk_eeprom.o
__epilogue_restores__                             /usr/local/lib/gcc/avr/4.2.2/avr5/libgcc.a(_epilogue.o)
                                                  /usr/local/lib/gcc/avr/4.2.2/../../../../avr/lib/avr5/libc.a(sprintf.o)
                                                  /usr/local/lib/gcc/avr/4.2.2/../../../../avr/lib/avr5/libc.a(printf.o)
                                                  /usr/local/lib/gcc/avr/4.2.2/../../../../avr/lib/avr5/libc.a(fdevopen.o)
                                                  /usr/local/lib/gcc/avr/4.2.2/../../../../avr/lib/avr5/libc.a(rand.o)
                                                  /usr/local/lib/gcc/avr/4.2.2/../../../../avr/lib/avr5/libprintf_min.a(vfprintf_min.o)
__flp                                             /usr/local/lib/gcc/avr/4.2.2/../../../../avr/lib/avr5/libc.a(malloc.o)
__heap_end                                        /usr/local/lib/gcc/avr/4.2.2/../../../../avr/lib/avr5/crtm1281.o
                                                  /usr/local/lib/gcc/avr/4.2.2/../../../../avr/lib/avr5/libc.a(malloc.o)
__heap_start                                      /usr/local/lib/gcc/avr/4.2.2/../../../../avr/lib/avr5/libc.a(malloc.o)
__init                                            /usr/local/lib/gcc/avr/4.2.2/../../../../avr/lib/avr5/crtm1281.o
__iob                                             /usr/local/lib/gcc/avr/4.2.2/../../../../avr/lib/avr5/libc.a(puts.o)
                                                  /usr/local/lib/gcc/avr/4.2.2/../../../../avr/lib/avr5/libc.a(printf.o)
                                                  /usr/local/lib/gcc/avr/4.2.2/../../../../avr/lib/avr5/libc.a(iob.o)
                                                  /usr/local/lib/gcc/avr/4.2.2/../../../../avr/lib/avr5/libc.a(fdevopen.o)
                                                  ../../../src/kernel/source/nrk_error.o
                                                  ../../../src/platform/firefly2_2/source/ulib.o
__malloc_heap_end                                 /usr/local/lib/gcc/avr/4.2.2/../../../../avr/lib/avr5/libc.a(malloc.o)
__malloc_heap_start                               /usr/local/lib/gcc/avr/4.2.2/../../../../avr/lib/avr5/libc.a(malloc.o)
__malloc_margin                                   /usr/local/lib/gcc/avr/4.2.2/../../../../avr/lib/avr5/libc.a(malloc.o)
__mulsi3                                          /usr/local/lib/gcc/avr/4.2.2/avr5/libgcc.a(_mulsi3.o)
                                                  /usr/local/lib/gcc/avr/4.2.2/../../../../avr/lib/avr5/libc.a(rand.o)
                                                  ../../../src/kernel/source/nrk_scheduler.o
                                                  ../../../src/kernel/source/nrk_time.o
__prologue_saves__                                /usr/local/lib/gcc/avr/4.2.2/avr5/libgcc.a(_prologue.o)
                                                  /usr/local/lib/gcc/avr/4.2.2/../../../../avr/lib/avr5/libc.a(sprintf.o)
                                                  /usr/local/lib/gcc/avr/4.2.2/../../../../avr/lib/avr5/libc.a(printf.o)
                                                  /usr/local/lib/gcc/avr/4.2.2/../../../../avr/lib/avr5/libc.a(rand.o)
                                                  /usr/local/lib/gcc/avr/4.2.2/../../../../avr/lib/avr5/libprintf_min.a(vfprintf_min.o)
__stack                                           /usr/local/lib/gcc/avr/4.2.2/../../../../avr/lib/avr5/crtm1281.o
                                                  bmac_client.o
__udivmodhi4                                      /usr/local/lib/gcc/avr/4.2.2/avr5/libgcc.a(_udivmodhi4.o)
                                                  /usr/local/lib/gcc/avr/4.2.2/avr5/libgcc.a(_divmodhi4.o)
                                                  ../../../src/kernel/source/nrk_scheduler.o
                                                  ../../../src/net/bmac/bmac.o
__udivmodsi4                                      /usr/local/lib/gcc/avr/4.2.2/avr5/libgcc.a(_udivmodsi4.o)
                                                  /usr/local/lib/gcc/avr/4.2.2/avr5/libgcc.a(_divmodsi4.o)
                                                  ../../../src/kernel/source/nrk_scheduler.o
                                                  ../../../src/kernel/source/nrk_time.o
__ultoa_invert                                    /usr/local/lib/gcc/avr/4.2.2/../../../../avr/lib/avr5/libc.a(ultoa_invert.o)
                                                  /usr/local/lib/gcc/avr/4.2.2/../../../../avr/lib/avr5/libprintf_min.a(vfprintf_min.o)
__vector_1                                        ../../../src/kernel/hal/atmega1281/nrk_ext_int.o
                                                  /usr/local/lib/gcc/avr/4.2.2/../../../../avr/lib/avr5/crtm1281.o
__vector_10                                       /usr/local/lib/gcc/avr/4.2.2/../../../../avr/lib/avr5/crtm1281.o
__vector_11                                       /usr/local/lib/gcc/avr/4.2.2/../../../../avr/lib/avr5/crtm1281.o
__vector_12                                       /usr/local/lib/gcc/avr/4.2.2/../../../../avr/lib/avr5/crtm1281.o
__vector_13                                       ../../../src/kernel/hal/atmega1281/nrk_timer.o
                                                  /usr/local/lib/gcc/avr/4.2.2/../../../../avr/lib/avr5/crtm1281.o
__vector_14                                       /usr/local/lib/gcc/avr/4.2.2/../../../../avr/lib/avr5/crtm1281.o
__vector_15                                       ../../../src/kernel/hal/atmega1281/nrk_timer.o
                                                  /usr/local/lib/gcc/avr/4.2.2/../../../../avr/lib/avr5/crtm1281.o
__vector_16                                       /usr/local/lib/gcc/avr/4.2.2/../../../../avr/lib/avr5/crtm1281.o
__vector_17                                       ../../../src/kernel/hal/atmega1281/nrk_timer.o
                                                  /usr/local/lib/gcc/avr/4.2.2/../../../../avr/lib/avr5/crtm1281.o
__vector_18                                       /usr/local/lib/gcc/avr/4.2.2/../../../../avr/lib/avr5/crtm1281.o
__vector_19                                       /usr/local/lib/gcc/avr/4.2.2/../../../../avr/lib/avr5/crtm1281.o
__vector_2                                        /usr/local/lib/gcc/avr/4.2.2/../../../../avr/lib/avr5/crtm1281.o
__vector_20                                       /usr/local/lib/gcc/avr/4.2.2/../../../../avr/lib/avr5/crtm1281.o
__vector_21                                       /usr/local/lib/gcc/avr/4.2.2/../../../../avr/lib/avr5/crtm1281.o
__vector_22                                       /usr/local/lib/gcc/avr/4.2.2/../../../../avr/lib/avr5/crtm1281.o
__vector_23                                       /usr/local/lib/gcc/avr/4.2.2/../../../../avr/lib/avr5/crtm1281.o
__vector_24                                       /usr/local/lib/gcc/avr/4.2.2/../../../../avr/lib/avr5/crtm1281.o
__vector_25                                       /usr/local/lib/gcc/avr/4.2.2/../../../../avr/lib/avr5/crtm1281.o
__vector_26                                       /usr/local/lib/gcc/avr/4.2.2/../../../../avr/lib/avr5/crtm1281.o
__vector_27                                       /usr/local/lib/gcc/avr/4.2.2/../../../../avr/lib/avr5/crtm1281.o
__vector_28                                       /usr/local/lib/gcc/avr/4.2.2/../../../../avr/lib/avr5/crtm1281.o
__vector_29                                       /usr/local/lib/gcc/avr/4.2.2/../../../../avr/lib/avr5/crtm1281.o
__vector_3                                        /usr/local/lib/gcc/avr/4.2.2/../../../../avr/lib/avr5/crtm1281.o
__vector_30                                       /usr/local/lib/gcc/avr/4.2.2/../../../../avr/lib/avr5/crtm1281.o
__vector_31                                       /usr/local/lib/gcc/avr/4.2.2/../../../../avr/lib/avr5/crtm1281.o
__vector_32                                       ../../../src/kernel/hal/atmega1281/nrk_timer.o
                                                  /usr/local/lib/gcc/avr/4.2.2/../../../../avr/lib/avr5/crtm1281.o
__vector_33                                       /usr/local/lib/gcc/avr/4.2.2/../../../../avr/lib/avr5/crtm1281.o
__vector_34                                       /usr/local/lib/gcc/avr/4.2.2/../../../../avr/lib/avr5/crtm1281.o
__vector_35                                       /usr/local/lib/gcc/avr/4.2.2/../../../../avr/lib/avr5/crtm1281.o
__vector_36                                       ../../../src/platform/firefly2_2/source/ulib.o
                                                  /usr/local/lib/gcc/avr/4.2.2/../../../../avr/lib/avr5/crtm1281.o
__vector_37                                       /usr/local/lib/gcc/avr/4.2.2/../../../../avr/lib/avr5/crtm1281.o
__vector_38                                       /usr/local/lib/gcc/avr/4.2.2/../../../../avr/lib/avr5/crtm1281.o
__vector_39                                       /usr/local/lib/gcc/avr/4.2.2/../../../../avr/lib/avr5/crtm1281.o
__vector_4                                        /usr/local/lib/gcc/avr/4.2.2/../../../../avr/lib/avr5/crtm1281.o
__vector_40                                       /usr/local/lib/gcc/avr/4.2.2/../../../../avr/lib/avr5/crtm1281.o
__vector_41                                       /usr/local/lib/gcc/avr/4.2.2/../../../../avr/lib/avr5/crtm1281.o
__vector_42                                       /usr/local/lib/gcc/avr/4.2.2/../../../../avr/lib/avr5/crtm1281.o
__vector_43                                       /usr/local/lib/gcc/avr/4.2.2/../../../../avr/lib/avr5/crtm1281.o
__vector_44                                       /usr/local/lib/gcc/avr/4.2.2/../../../../avr/lib/avr5/crtm1281.o
__vector_45                                       /usr/local/lib/gcc/avr/4.2.2/../../../../avr/lib/avr5/crtm1281.o
__vector_46                                       /usr/local/lib/gcc/avr/4.2.2/../../../../avr/lib/avr5/crtm1281.o
__vector_47                                       /usr/local/lib/gcc/avr/4.2.2/../../../../avr/lib/avr5/crtm1281.o
__vector_48                                       /usr/local/lib/gcc/avr/4.2.2/../../../../avr/lib/avr5/crtm1281.o
__vector_49                                       /usr/local/lib/gcc/avr/4.2.2/../../../../avr/lib/avr5/crtm1281.o
__vector_5                                        /usr/local/lib/gcc/avr/4.2.2/../../../../avr/lib/avr5/crtm1281.o
__vector_50                                       /usr/local/lib/gcc/avr/4.2.2/../../../../avr/lib/avr5/crtm1281.o
__vector_6                                        /usr/local/lib/gcc/avr/4.2.2/../../../../avr/lib/avr5/crtm1281.o
__vector_7                                        /usr/local/lib/gcc/avr/4.2.2/../../../../avr/lib/avr5/crtm1281.o
__vector_8                                        /usr/local/lib/gcc/avr/4.2.2/../../../../avr/lib/avr5/crtm1281.o
__vector_9                                        ../../../src/kernel/hal/atmega1281/nrk_ext_int.o
                                                  /usr/local/lib/gcc/avr/4.2.2/../../../../avr/lib/avr5/crtm1281.o
__vector_default                                  ../../../src/kernel/hal/atmega1281/nrk_timer.o
                                                  /usr/local/lib/gcc/avr/4.2.2/../../../../avr/lib/avr5/crtm1281.o
__vectors                                         /usr/local/lib/gcc/avr/4.2.2/../../../../avr/lib/avr5/crtm1281.o
_b_pow                                            ../../../src/net/bmac/bmac.o
_bmac_channel_check                               ../../../src/net/bmac/bmac.o
_bmac_check_period                                ../../../src/net/bmac/bmac.o
_bmac_rx                                          ../../../src/net/bmac/bmac.o
_bmac_tx                                          ../../../src/net/bmac/bmac.o
_div                                              /usr/local/lib/gcc/avr/4.2.2/avr5/libgcc.a(_divmodhi4.o)
_exit                                             /usr/local/lib/gcc/avr/4.2.2/avr5/libgcc.a(_exit.o)
_free_node                                        ../../../src/kernel/hal/atmega1281/nrk_cpu.o
                                                  ../../../src/kernel/source/nrk_scheduler.o
                                                  ../../../src/kernel/source/nrk_task.o
                                                  ../../../src/kernel/source/nrk_events.o
                                                  ../../../src/kernel/source/nrk_stats.o
                                                  ../../../src/kernel/source/nrk.o
_head_node                                        ../../../src/kernel/hal/atmega1281/nrk_cpu.o
                                                  ../../../src/kernel/source/nrk_scheduler.o
                                                  ../../../src/kernel/source/nrk_task.o
                                                  ../../../src/kernel/source/nrk_events.o
                                                  ../../../src/kernel/source/nrk_stats.o
                                                  ../../../src/kernel/source/nrk.o
_nrk_cpu_state                                    ../../../src/kernel/source/nrk_driver.o
                                                  ../../../src/kernel/source/nrk_scheduler.o
                                                  ../../../src/kernel/source/nrk_idle_task.o
                                                  ../../../src/kernel/source/nrk_task.o
                                                  ../../../src/kernel/source/nrk_events.o
                                                  ../../../src/kernel/source/nrk.o
_nrk_driver_count                                 ../../../src/kernel/source/nrk_driver.o
_nrk_errno_set                                    ../../../src/kernel/source/nrk_error.o
                                                  ../../../src/kernel/source/nrk_driver.o
                                                  ../../../src/kernel/source/nrk_events.o
                                                  ../../../src/radio/cc2420/source/basic_rf.o
                                                  ../../../src/drivers/platform/firefly2_2/source/ff_basic_sensor.o
_nrk_get_next_wakeup                              ../../../src/kernel/hal/atmega1281/nrk_timer.o
                                                  ../../../src/kernel/source/nrk_idle_task.o
                                                  ../../../src/kernel/source/nrk_task.o
_nrk_high_speed_timer_get                         ../../../src/kernel/hal/atmega1281/nrk_timer.o
                                                  ../../../src/kernel/source/nrk_scheduler.o
_nrk_high_speed_timer_reset                       ../../../src/kernel/hal/atmega1281/nrk_timer.o
                                                  ../../../src/kernel/source/nrk_scheduler.o
_nrk_high_speed_timer_start                       ../../../src/kernel/hal/atmega1281/nrk_timer.o
_nrk_high_speed_timer_stop                        ../../../src/kernel/hal/atmega1281/nrk_timer.o
_nrk_os_timer_get                                 ../../../src/kernel/hal/atmega1281/nrk_timer.o
                                                  ../../../src/kernel/source/nrk_scheduler.o
                                                  ../../../src/kernel/source/nrk_time.o
                                                  ../../../src/kernel/source/nrk_task.o
                                                  ../../../src/radio/cc2420/source/basic_rf.o
_nrk_os_timer_reset                               ../../../src/kernel/hal/atmega1281/nrk_timer.o
_nrk_os_timer_set                                 ../../../src/kernel/hal/atmega1281/nrk_timer.o
_nrk_os_timer_start                               ../../../src/kernel/hal/atmega1281/nrk_timer.o
_nrk_os_timer_stop                                ../../../src/kernel/hal/atmega1281/nrk_timer.o
_nrk_prev_timer_val                               ../../../src/kernel/hal/atmega1281/nrk_cpu.o
                                                  ../../../src/kernel/hal/atmega1281/nrk_timer.o
                                                  ../../../src/kernel/source/nrk_driver.o
                                                  ../../../src/kernel/source/nrk_scheduler.o
                                                  ../../../src/kernel/source/nrk_idle_task.o
                                                  ../../../src/kernel/source/nrk_time.o
                                                  ../../../src/kernel/source/nrk_task.o
                                                  ../../../src/kernel/source/nrk_events.o
                                                  ../../../src/kernel/source/nrk_error.o
                                                  ../../../src/radio/cc2420/source/basic_rf.o
                                                  ../../../src/drivers/platform/firefly2_2/source/ff_basic_sensor.o
                                                  ../../../src/net/bmac/bmac.o
_nrk_readyQ                                       ../../../src/kernel/hal/atmega1281/nrk_cpu.o
                                                  ../../../src/kernel/source/nrk_scheduler.o
                                                  ../../../src/kernel/source/nrk_events.o
                                                  ../../../src/kernel/source/nrk_stats.o
                                                  ../../../src/kernel/source/nrk.o
_nrk_resource_cnt                                 ../../../src/kernel/hal/atmega1281/nrk_cpu.o
                                                  ../../../src/kernel/source/nrk_scheduler.o
                                                  ../../../src/kernel/source/nrk_events.o
                                                  ../../../src/kernel/source/nrk_stats.o
                                                  ../../../src/kernel/source/nrk.o
_nrk_scheduler                                    ../../../src/kernel/source/nrk_scheduler.o
                                                  ../../../src/kernel/source/nrk.o
_nrk_set_next_wakeup                              ../../../src/kernel/hal/atmega1281/nrk_timer.o
                                                  ../../../src/kernel/source/nrk_scheduler.o
                                                  ../../../src/kernel/source/nrk_task.o
_nrk_setup_timer                                  ../../../src/kernel/hal/atmega1281/nrk_timer.o
                                                  ../../../src/kernel/hal/atmega1281/nrk_cpu.o
_nrk_signal_list                                  ../../../src/kernel/hal/atmega1281/nrk_cpu.o
                                                  ../../../src/kernel/hal/atmega1281/nrk_watchdog.o
                                                  ../../../src/kernel/hal/atmega1281/nrk_status.o
                                                  ../../../src/kernel/hal/atmega1281/nrk_ext_int.o
                                                  ../../../src/kernel/hal/atmega1281/nrk_timer.o
                                                  ../../../src/kernel/source/nrk_driver.o
                                                  ../../../src/kernel/source/nrk_scheduler.o
                                                  ../../../src/kernel/source/nrk_idle_task.o
                                                  ../../../src/kernel/source/nrk_time.o
                                                  ../../../src/kernel/source/nrk_task.o
                                                  ../../../src/kernel/source/nrk_events.o
                                                  ../../../src/kernel/source/nrk_stack_check.o
                                                  ../../../src/kernel/source/nrk_error.o
                                                  ../../../src/kernel/source/nrk_stats.o
                                                  ../../../src/kernel/source/nrk.o
                                                  ../../../src/platform/firefly2_2/source/nrk_eeprom.o
                                                  ../../../src/platform/firefly2_2/source/hal_wait.o
                                                  ../../../src/platform/firefly2_2/source/ulib.o
                                                  ../../../src/radio/cc2420/source/basic_rf.o
                                                  ../../../src/radio/cc2420/source/hal_rf_wait_for_crystal_oscillator.o
                                                  ../../../src/radio/cc2420/source/hal_rf_set_channel.o
                                                  ../../../src/drivers/platform/firefly2_2/source/ff_basic_sensor.o
                                                  ../../../src/net/bmac/bmac.o
                                                  bmac_client.o
_nrk_startup_ok                                   ../../../src/kernel/hal/atmega1281/nrk_status.o
                                                  ../../../src/kernel/source/nrk.o
_nrk_ticks_to_time                                ../../../src/kernel/source/nrk_time.o
_nrk_time_to_ticks                                ../../../src/kernel/source/nrk_time.o
                                                  ../../../src/kernel/source/nrk_task.o
                                                  ../../../src/kernel/source/nrk.o
                                                  ../../../src/net/bmac/bmac.o
_nrk_time_to_ticks_long                           ../../../src/kernel/source/nrk_time.o
_nrk_time_trigger                                 ../../../src/kernel/hal/atmega1281/nrk_cpu.o
                                                  ../../../src/kernel/hal/atmega1281/nrk_timer.o
                                                  ../../../src/kernel/source/nrk_driver.o
                                                  ../../../src/kernel/source/nrk_scheduler.o
                                                  ../../../src/kernel/source/nrk_idle_task.o
                                                  ../../../src/kernel/source/nrk_time.o
                                                  ../../../src/kernel/source/nrk_task.o
                                                  ../../../src/kernel/source/nrk_events.o
                                                  ../../../src/kernel/source/nrk_error.o
                                                  ../../../src/radio/cc2420/source/basic_rf.o
                                                  ../../../src/drivers/platform/firefly2_2/source/ff_basic_sensor.o
                                                  ../../../src/net/bmac/bmac.o
_nrk_timer_tick                                   ../../../src/kernel/source/nrk.o
                                                  ../../../src/kernel/hal/atmega1281/nrk_cpu.o
_nrk_wait_for_scheduler                           ../../../src/kernel/source/nrk_task.o
app_timer0_callback                               ../../../src/kernel/hal/atmega1281/nrk_cpu.o
                                                  ../../../src/kernel/hal/atmega1281/nrk_timer.o
                                                  ../../../src/kernel/source/nrk_driver.o
                                                  ../../../src/kernel/source/nrk_scheduler.o
                                                  ../../../src/kernel/source/nrk_idle_task.o
                                                  ../../../src/kernel/source/nrk_time.o
                                                  ../../../src/kernel/source/nrk_task.o
                                                  ../../../src/kernel/source/nrk_events.o
                                                  ../../../src/kernel/source/nrk_error.o
                                                  ../../../src/radio/cc2420/source/basic_rf.o
                                                  ../../../src/drivers/platform/firefly2_2/source/ff_basic_sensor.o
                                                  ../../../src/net/bmac/bmac.o
app_timer0_prescale                               ../../../src/kernel/hal/atmega1281/nrk_cpu.o
                                                  ../../../src/kernel/hal/atmega1281/nrk_timer.o
                                                  ../../../src/kernel/source/nrk_driver.o
                                                  ../../../src/kernel/source/nrk_scheduler.o
                                                  ../../../src/kernel/source/nrk_idle_task.o
                                                  ../../../src/kernel/source/nrk_time.o
                                                  ../../../src/kernel/source/nrk_task.o
                                                  ../../../src/kernel/source/nrk_events.o
                                                  ../../../src/kernel/source/nrk_error.o
                                                  ../../../src/radio/cc2420/source/basic_rf.o
                                                  ../../../src/drivers/platform/firefly2_2/source/ff_basic_sensor.o
                                                  ../../../src/net/bmac/bmac.o
auto_ack_enable                                   ../../../src/radio/cc2420/source/basic_rf.o
bmac_addr_decode_dest_mac                         ../../../src/net/bmac/bmac.o
bmac_addr_decode_disable                          ../../../src/net/bmac/bmac.o
bmac_addr_decode_enable                           ../../../src/net/bmac/bmac.o
bmac_addr_decode_set_my_mac                       ../../../src/net/bmac/bmac.o
bmac_auto_ack_disable                             ../../../src/net/bmac/bmac.o
                                                  bmac_client.o
bmac_auto_ack_enable                              ../../../src/net/bmac/bmac.o
bmac_disable                                      ../../../src/net/bmac/bmac.o
bmac_enable                                       ../../../src/net/bmac/bmac.o
bmac_enable_signal                                ../../../src/net/bmac/bmac.o
                                                  bmac_client.o
bmac_encryption_disable                           ../../../src/net/bmac/bmac.o
bmac_encryption_enable                            ../../../src/net/bmac/bmac.o
bmac_encryption_set_ctr_counter                   ../../../src/net/bmac/bmac.o
bmac_encryption_set_key                           ../../../src/net/bmac/bmac.o
bmac_get_rx_pkt_signal                            ../../../src/net/bmac/bmac.o
bmac_get_tx_done_signal                           ../../../src/net/bmac/bmac.o
                                                  bmac_client.o
bmac_init                                         ../../../src/net/bmac/bmac.o
                                                  bmac_client.o
bmac_nw_task                                      ../../../src/net/bmac/bmac.o
bmac_rfRxInfo                                     ../../../src/net/bmac/bmac.o
                                                  bmac_client.o
bmac_rfTxInfo                                     ../../../src/net/bmac/bmac.o
                                                  bmac_client.o
bmac_running                                      ../../../src/net/bmac/bmac.o
bmac_rx_pkt_get                                   ../../../src/net/bmac/bmac.o
bmac_rx_pkt_is_encrypted                          ../../../src/net/bmac/bmac.o
bmac_rx_pkt_ready                                 ../../../src/net/bmac/bmac.o
bmac_rx_pkt_release                               ../../../src/net/bmac/bmac.o
bmac_rx_pkt_set_buffer                            ../../../src/net/bmac/bmac.o
bmac_rx_pkt_signal                                ../../../src/net/bmac/bmac.o
                                                  bmac_client.o
bmac_set_cca_active                               ../../../src/net/bmac/bmac.o
bmac_set_cca_thresh                               ../../../src/net/bmac/bmac.o
bmac_set_channel                                  ../../../src/net/bmac/bmac.o
bmac_set_rf_power                                 ../../../src/net/bmac/bmac.o
bmac_set_rx_check_rate                            ../../../src/net/bmac/bmac.o
bmac_started                                      ../../../src/net/bmac/bmac.o
                                                  bmac_client.o
bmac_task                                         ../../../src/net/bmac/bmac.o
                                                  bmac_client.o
bmac_task_config                                  ../../../src/net/bmac/bmac.o
                                                  bmac_client.o
bmac_task_stack                                   ../../../src/net/bmac/bmac.o
                                                  bmac_client.o
bmac_tx_pkt                                       ../../../src/net/bmac/bmac.o
bmac_tx_pkt_done_signal                           ../../../src/net/bmac/bmac.o
                                                  bmac_client.o