Archive member included because of file (symbol)

/usr/local/lib/gcc/avr/4.2.2/../../../../avr/lib/avr5/libprintf_min.a(vfprintf_min.o)
                              (vfprintf)
/usr/local/lib/gcc/avr/4.2.2/avr5/libgcc.a(_mulsi3.o)
                              ../../../src/kernel/source/nrk_time.o (__mulsi3)
/usr/local/lib/gcc/avr/4.2.2/avr5/libgcc.a(_udivmodhi4.o)
                              ../../../src/net/bmac/bmac.o (__udivmodhi4)
/usr/local/lib/gcc/avr/4.2.2/avr5/libgcc.a(_divmodhi4.o)
                              ../../../src/net/bmac/bmac.o (__divmodhi4)
/usr/local/lib/gcc/avr/4.2.2/avr5/libgcc.a(_udivmodsi4.o)
                              ../../../src/kernel/source/nrk_time.o (__udivmodsi4)
/usr/local/lib/gcc/avr/4.2.2/avr5/libgcc.a(_prologue.o)
                              /usr/local/lib/gcc/avr/4.2.2/../../../../avr/lib/avr5/libprintf_min.a(vfprintf_min.o) (__prologue_saves__)
/usr/local/lib/gcc/avr/4.2.2/avr5/libgcc.a(_epilogue.o)
                              /usr/local/lib/gcc/avr/4.2.2/../../../../avr/lib/avr5/libprintf_min.a(vfprintf_min.o) (__epilogue_restores__)
/usr/local/lib/gcc/avr/4.2.2/avr5/libgcc.a(_exit.o)
                              /usr/local/lib/gcc/avr/4.2.2/../../../../avr/lib/avr5/crtm1281.o (exit)
/usr/local/lib/gcc/avr/4.2.2/avr5/libgcc.a(_clear_bss.o)
                              bmac_server.o (__do_clear_bss)
/usr/local/lib/gcc/avr/4.2.2/../../../../avr/lib/avr5/libc.a(rand.o)
                              ../../../src/net/bmac/bmac.o (rand)
/usr/local/lib/gcc/avr/4.2.2/../../../../avr/lib/avr5/libc.a(strchr_P.o)
                              /usr/local/lib/gcc/avr/4.2.2/../../../../avr/lib/avr5/libprintf_min.a(vfprintf_min.o) (strchr_P)
/usr/local/lib/gcc/avr/4.2.2/../../../../avr/lib/avr5/libc.a(fdevopen.o)
                              ../../../src/platform/firefly2_2/source/ulib.o (fdevopen)
/usr/local/lib/gcc/avr/4.2.2/../../../../avr/lib/avr5/libc.a(fputc.o)
                              ../../../src/platform/firefly2_2/source/ulib.o (fputc)
/usr/local/lib/gcc/avr/4.2.2/../../../../avr/lib/avr5/libc.a(iob.o)
                              ../../../src/platform/firefly2_2/source/ulib.o (__iob)
/usr/local/lib/gcc/avr/4.2.2/../../../../avr/lib/avr5/libc.a(printf.o)
                              bmac_server.o (printf)
/usr/local/lib/gcc/avr/4.2.2/../../../../avr/lib/avr5/libc.a(puts.o)
                              bmac_server.o (puts)
/usr/local/lib/gcc/avr/4.2.2/../../../../avr/lib/avr5/libc.a(ultoa_invert.o)
                              /usr/local/lib/gcc/avr/4.2.2/../../../../avr/lib/avr5/libprintf_min.a(vfprintf_min.o) (__ultoa_invert)
/usr/local/lib/gcc/avr/4.2.2/../../../../avr/lib/avr5/libc.a(ee_rb.1F2021.o)
                              ../../../src/platform/firefly2_2/source/nrk_eeprom.o (__eeprom_read_byte_1F2021)
/usr/local/lib/gcc/avr/4.2.2/../../../../avr/lib/avr5/libc.a(ee_wb.1F2021.o)
                              ../../../src/platform/firefly2_2/source/nrk_eeprom.o (__eeprom_write_byte_1F2021)
/usr/local/lib/gcc/avr/4.2.2/../../../../avr/lib/avr5/libc.a(calloc.o)
                              /usr/local/lib/gcc/avr/4.2.2/../../../../avr/lib/avr5/libc.a(fdevopen.o) (calloc)
/usr/local/lib/gcc/avr/4.2.2/../../../../avr/lib/avr5/libc.a(malloc.o)
                              /usr/local/lib/gcc/avr/4.2.2/../../../../avr/lib/avr5/libc.a(calloc.o) (malloc)
/usr/local/lib/gcc/avr/4.2.2/../../../../avr/lib/avr5/libc.a(memset.o)
                              /usr/local/lib/gcc/avr/4.2.2/../../../../avr/lib/avr5/libc.a(calloc.o) (memset)
/usr/local/lib/gcc/avr/4.2.2/avr5/libgcc.a(_divmodsi4.o)
                              /usr/local/lib/gcc/avr/4.2.2/../../../../avr/lib/avr5/libc.a(rand.o) (__divmodsi4)

Allocating common symbols
Common symbol       size              file

rx_ctr              0x4               ../../../src/radio/cc2420/source/basic_rf.o
_free_node          0x2               ../../../src/kernel/source/nrk.o
app_timer0_callback
                    0x2               ../../../src/net/bmac/bmac.o
nrk_task_TCB        0x84              ../../../src/kernel/source/nrk.o
next_next_wakeup    0x2               ../../../src/kernel/source/nrk.o
ext_int1_callback   0x2               ../../../src/kernel/hal/atmega1281/nrk_ext_int.o
radio_sem           0x2               ../../../src/radio/cc2420/source/basic_rf.o
bmac_running        0x1               ../../../src/net/bmac/bmac.o
cca_active          0x1               bmac_server.o
ext_int0_callback   0x2               ../../../src/kernel/hal/atmega1281/nrk_ext_int.o
nrk_sem_list        0x6               ../../../src/kernel/source/nrk.o
security_enable     0x1               ../../../src/radio/cc2420/source/basic_rf.o
nrk_task_init_cnt   0x1               ../../../src/kernel/source/nrk.o
is_enabled          0x1               ../../../src/net/bmac/bmac.o
error_task          0x1               bmac_server.o
tx_data_ready       0x1               ../../../src/net/bmac/bmac.o
[...]
Memory Configuration

Name             Origin             Length             Attributes
text             0x00000000         0x00020000         xr
data             0x00800060         0x0000ffa0         rw !x
eeprom           0x00810000         0x00010000         rw !x
*default*        0x00000000         0xffffffff

Linker script and memory map

Address of section .data set to 0x800200
LOAD /usr/local/lib/gcc/avr/4.2.2/../../../../avr/lib/avr5/crtm1281.o
LOAD bmac_server.o
LOAD ../../../src/net/bmac/bmac.o
LOAD ../../../src/radio/cc2420/source/hal_rf_set_channel.o
LOAD ../../../src/radio/cc2420/source/hal_rf_wait_for_crystal_oscillator.o
LOAD ../../../src/radio/cc2420/source/basic_rf.o
LOAD ../../../src/platform/firefly2_2/source/ulib.o
LOAD ../../../src/platform/firefly2_2/source/hal_wait.o
LOAD ../../../src/platform/firefly2_2/source/nrk_eeprom.o
LOAD ../../../src/kernel/source/nrk.o
LOAD ../../../src/kernel/source/nrk_stats.o
LOAD ../../../src/kernel/source/nrk_error.o
LOAD ../../../src/kernel/source/nrk_stack_check.o
LOAD ../../../src/kernel/source/nrk_events.o
LOAD ../../../src/kernel/source/nrk_task.o
LOAD ../../../src/kernel/source/nrk_time.o
LOAD ../../../src/kernel/source/nrk_idle_task.o
LOAD ../../../src/kernel/source/nrk_scheduler.o
LOAD ../../../src/kernel/source/nrk_driver.o
LOAD ../../../src/kernel/source/nrk_reserve.o
LOAD ../../../src/kernel/hal/atmega1281/nrk_timer.o
LOAD ../../../src/kernel/hal/atmega1281/nrk_ext_int.o
LOAD ../../../src/kernel/hal/atmega1281/nrk_status.o
LOAD ../../../src/kernel/hal/atmega1281/nrk_watchdog.o
LOAD ../../../src/kernel/hal/atmega1281/nrk_cpu.o
LOAD ../../../src/kernel/hal/atmega1281/atmel_hw_specific.o
LOAD /usr/local/lib/gcc/avr/4.2.2/../../../../avr/lib/avr5/libprintf_min.a
LOAD /usr/local/lib/gcc/avr/4.2.2/../../../../avr/lib/avr5/libm.a
LOAD /usr/local/lib/gcc/avr/4.2.2/avr5/libgcc.a
LOAD /usr/local/lib/gcc/avr/4.2.2/../../../../avr/lib/avr5/libc.a
LOAD /usr/local/lib/gcc/avr/4.2.2/avr5/libgcc.a

.hash
 *(.hash)

.dynsym
 *(.dynsym)

.dynstr
 *(.dynstr)

.gnu.version
 *(.gnu.version)

.gnu.version_d
 *(.gnu.version_d)

.gnu.version_r
 *(.gnu.version_r)

.rel.init
 *(.rel.init)

.rela.init
 *(.rela.init)

.rel.text
 *(.rel.text)
 *(.rel.text.*)
 *(.rel.gnu.linkonce.t*)

.rela.text
 *(.rela.text)
 *(.rela.text.*)
 *(.rela.gnu.linkonce.t*)

.rel.fini
 *(.rel.fini)

.rela.fini
 *(.rela.fini)

.rel.rodata
 *(.rel.rodata)
 *(.rel.rodata.*)
 *(.rel.gnu.linkonce.r*)

.rela.rodata
 *(.rela.rodata)
 *(.rela.rodata.*)
 *(.rela.gnu.linkonce.r*)

.rel.data
 *(.rel.data)
 *(.rel.data.*)
 *(.rel.gnu.linkonce.d*)

.rela.data
 *(.rela.data)
 *(.rela.data.*)
 *(.rela.gnu.linkonce.d*)

.rel.ctors
 *(.rel.ctors)

.rela.ctors
 *(.rela.ctors)

.rel.dtors
 *(.rel.dtors)

.rela.dtors
 *(.rela.dtors)

.rel.got
 *(.rel.got)

.rela.got
 *(.rela.got)

.rel.bss
 *(.rel.bss)

.rela.bss
 *(.rela.bss)

.rel.plt
 *(.rel.plt)

.rela.plt
 *(.rela.plt)

.text           0x00000000     0x6096
 *(.vectors)
 .vectors       0x00000000       0xcc /usr/local/lib/gcc/avr/4.2.2/../../../../avr/lib/avr5/crtm1281.o
                0x00000000                __vectors
 *(.vectors)
 *(.progmem.gcc*)
 .progmem.gcc_sw_table
                0x000000cc       0x24 ../../../src/kernel/source/nrk_error.o
 *(.progmem*)
 .progmem.data  0x000000f0       0x1a bmac_server.o
 .progmem.data  0x0000010a       0x7c ../../../src/net/bmac/bmac.o
 .progmem.data  0x00000186       0x59 ../../../src/radio/cc2420/source/basic_rf.o
 .progmem.data  0x000001df      0x1c8 ../../../src/kernel/source/nrk_error.o
 .progmem.data  0x000003a7        0xf ../../../src/kernel/source/nrk_stack_check.o
 .progmem.data  0x000003b6       0x17 /usr/local/lib/gcc/avr/4.2.2/../../../../avr/lib/avr5/libprintf_min.a(vfprintf_min.o)
                0x000003ce                . = ALIGN (0x2)
 *fill*         0x000003cd        0x1 00
                0x000003ce                __trampolines_start = .
 *(.trampolines)
 .trampolines   0x000003ce        0x0 linker stubs
 *(.trampolines*)
                0x000003ce                __trampolines_end = .
 *(.jumptables)
 *(.jumptables*)
 *(.lowtext)
 *(.lowtext*)
                0x000003ce                __ctors_start = .
 *(.ctors)
                0x000003ce                __ctors_end = .
                0x000003ce                __dtors_start = .
 *(.dtors)
                0x000003ce                __dtors_end = .
 SORT(*)(.ctors)
 SORT(*)(.dtors)
 *(.init0)
 .init0         0x000003ce        0x0 /usr/local/lib/gcc/avr/4.2.2/../../../../avr/lib/avr5/crtm1281.o
                0x000003ce                __init
 *(.init0)
 *(.init1)
 *(.init1)
 *(.init2)
 .init2         0x000003ce        0xc /usr/local/lib/gcc/avr/4.2.2/../../../../avr/lib/avr5/crtm1281.o
 *(.init2)
 *(.init3)
 *(.init3)
 *(.init4)
 .init4         0x000003da       0x1a /usr/local/lib/gcc/avr/4.2.2/../../../../avr/lib/avr5/crtm1281.o
                0x000003da                __do_copy_data
 .init4         0x000003f4       0x10 /usr/local/lib/gcc/avr/4.2.2/avr5/libgcc.a(_clear_bss.o)
                0x000003f4                __do_clear_bss
 *(.init4)
 *(.init5)
 *(.init5)
 *(.init6)
 *(.init6)
 *(.init7)
 *(.init7)
 *(.init8)
 *(.init8)
 *(.init9)
 .init9         0x00000404        0x8 /usr/local/lib/gcc/avr/4.2.2/../../../../avr/lib/avr5/crtm1281.o
 *(.init9)
 *(.text)
 .text          0x0000040c        0x4 /usr/local/lib/gcc/avr/4.2.2/../../../../avr/lib/avr5/crtm1281.o
                0x0000040c                __vector_38
                0x0000040c                __vector_22
                0x0000040c                __vector_28
                0x0000040c                __vector_34
                0x0000040c                __vector_24
                0x0000040c                __vector_12
                0x0000040c                __vector_46
                0x0000040c                __bad_interrupt
                0x0000040c                __vector_6
                0x0000040c                __vector_31
                0x0000040c                __vector_35
                0x0000040c                __vector_39
                0x0000040c                __vector_3
                0x0000040c                __vector_23
                0x0000040c                __vector_30
                0x0000040c                __vector_45
                0x0000040c                __vector_25
                0x0000040c                __vector_11
                0x0000040c                __vector_19
                0x0000040c                __vector_7
                0x0000040c                __vector_49
                0x0000040c                __vector_41
                0x0000040c                __vector_43
                0x0000040c                __vector_27
                0x0000040c                __vector_5
                0x0000040c                __vector_33
                0x0000040c                __vector_47
                0x0000040c                __vector_37
                0x0000040c                __vector_4
                0x0000040c                __vector_44
                0x0000040c                __vector_2
                0x0000040c                __vector_21
                0x0000040c                __vector_29
                0x0000040c                __vector_40
                0x0000040c                __vector_8
                0x0000040c                __vector_26
                0x0000040c                __vector_48
                0x0000040c                __vector_14
                0x0000040c                __vector_10
                0x0000040c                __vector_50
                0x0000040c                __vector_16
                0x0000040c                __vector_18
                0x0000040c                __vector_20
                0x0000040c                __vector_42
 .text          0x00000410      0x36e bmac_server.o
                0x00000410                nrk_create_taskset
                0x0000071e                main
                0x00000704                pin_task
                0x000004c2                rx_task
 .text          0x0000077e      0x78e ../../../src/net/bmac/bmac.o
                0x00000c4e                bmac_set_channel
                0x0000097a                bmac_enable
                0x00000e3a                bmac_nw_task
                0x00000e12                bmac_auto_ack_enable
                0x000007ea                bmac_rx_pkt_ready
                0x000009b8                _bmac_tx
                0x00000e08                bmac_addr_decode_disable
                0x0000079a                bmac_set_cca_active
                0x00000786                bmac_tx_reserve_get
                0x00000de8                bmac_rx_pkt_is_encrypted
                0x00000e1c                bmac_auto_ack_disable
                0x00000b7a                bmac_get_tx_done_signal
                0x00000c74                bmac_init
                0x000007c2                bmac_tx_pkt_nonblocking
                0x00000da2                bmac_set_cca_thresh
                0x000008a4                _b_pow
                0x00000ee0                bmac_rx_pkt_get
                0x0000098a                _bmac_channel_check
                0x00000898                bmac_started
                0x00000780                bmac_tx_reserve_set
                0x0000077e                rf_rx_callback
                0x00000b8e                bmac_get_rx_pkt_signal
                0x000007fe                bmac_rx_pkt_release
                0x00000810                bmac_set_rx_check_rate
                0x0000080a                bmac_disable
                0x00000ba2                bmac_tx_pkt
                0x00000af2                _bmac_rx
                0x00000dac                bmac_set_rf_power
                0x00000dca                bmac_encryption_enable
                0x0000078c                bmac_addr_decode_dest_mac
                0x00000df4                bmac_addr_decode_set_my_mac
                0x000008ca                bmac_task_config
                0x00000dfe                bmac_addr_decode_enable
                0x00000dd4                bmac_encryption_set_key
                0x000007a0                bmac_rx_pkt_set_buffer
                0x00000c06                bmac_wait_until_rx_pkt
                0x00000e26                bmac_encryption_set_ctr_counter
                0x00000dc0                bmac_encryption_disable
 .text          0x00000f0c       0x3e ../../../src/radio/cc2420/source/hal_rf_set_channel.o
                0x00000f0c                halRfSetChannel
 .text          0x00000f4a       0x18 ../../../src/radio/cc2420/source/hal_rf_wait_for_crystal_oscillator.o
                0x00000f4a                halRfWaitForCrystalOscillator
 .text          0x00000f62     0x14e6 ../../../src/radio/cc2420/source/basic_rf.o
                0x00002226                rf_set_channel
                0x00001866                rf_rx_on
                0x000010e2                rf_auto_ack_enable
                0x000018a6                rf_tx_power
                0x000021d2                rf_set_rx
                0x000010ac                rf_addr_decode_disable
                0x0000121e                rf_data_mode
                0x0000116c                rf_rx_check_fifop
                0x000018f4                rf_tx_packet
                0x0000117e                rf_rx_check_sfd
                0x00000ff8                rf_security_enable
                0x00001192                rf_rx_packet
                0x000011ce                rf_carrier_off
                0x00001158                rf_busy
                0x00001826                rf_polling_rx_on
                0x00001348                rf_polling_rx_packet
                0x000011f6                rf_carrier_on
                0x0000106c                rf_get_sem
                0x000017f6                rf_rx_off
                0x000011b0                rf_flush_rx_fifo
                0x0000224c                rf_init
                0x00001076                rf_addr_decode_enable
                0x00001ff8                rf_security_set_key
                0x00001c52                rf_tx_tdma_packet
                0x00000f6a                rf_security_set_ctr_counter
                0x000012f6                rf_set_cca_thresh
                0x00001f82                rf_addr_decode_set_my_mac
                0x00001044                rf_security_disable
                0x0000111e                rf_auto_ack_disable
                0x00001288                rf_test_mode
                0x00000f62                rf_security_last_pkt_status
 .text          0x00002448      0xa42 ../../../src/platform/firefly2_2/source/ulib.o
                0x00002500                nrk_gpio_set
                0x00002bd8                nrk_get_button
                0x00002dc8                nrk_kprintf
                0x0000248e                nrk_uart_data_ready
                0x000029a8                nrk_gpio_direction
                0x00002d42                getc0
                0x00002c6c                nrk_led_set
                0x00002448                getc1
                0x00002796                nrk_gpio_toggle
                0x0000260a                nrk_gpio_clr
                0x00002cbc                putc0
                0x00002d5c                nrk_setup_uart
                0x00002ca6                nrk_gpio_pullups
                0x00002d14                setup_uart1
                0x000024f2                nrk_setup_ports
                0x00002dee                __vector_36
                0x00002cd6                putc1
                0x00002c32                nrk_led_clr
                0x00002722                nrk_gpio_get
                0x000024c8                PORT_INIT
                0x00002ce6                setup_uart0
                0x00002bf8                nrk_led_toggle
                0x00002dae                nrk_uart_rx_signal_get
 .text          0x00002e8a        0xe ../../../src/platform/firefly2_2/source/hal_wait.o
                0x00002e8a                halWait
 .text          0x00002e98      0x11c ../../../src/platform/firefly2_2/source/nrk_eeprom.o
                0x00002f32                read_eeprom_load_img_pages
                0x00002ec0                nrk_eeprom_read_byte
                0x00002eac                write_eeprom_current_image_checksum
                0x00002f78                write_eeprom_load_img_pages
                0x00002ecc                read_eeprom_mac_address
                0x00002f6e                nrk_eeprom_write_byte
                0x00002f8c                write_eeprom_aes_key
                0x00002f1e                read_eeprom_channel
                0x00002f46                read_eeprom_aes_key
                0x00002e98                read_eeprom_current_image_checksum
 .text          0x00002fb4      0x448 ../../../src/kernel/source/nrk.o
                0x00002fbc                nrk_version
                0x000032d8                nrk_init
                0x00002fc8                nrk_TCB_init
                0x000033f8                nrk_halt
                0x00002fc2                _nrk_timer_tick
                0x00002fb8                nrk_int_enable
                0x00003218                nrk_start
                0x00002fb4                nrk_int_disable
 .text          0x000033fc        0x0 ../../../src/kernel/source/nrk_stats.o
 .text          0x000033fc      0x21c ../../../src/kernel/source/nrk_error.o
                0x00003600                nrk_error_add
                0x000035f2                nrk_kernel_error_add
                0x00003416                nrk_error_get
                0x00003408                nrk_errno_get
                0x000033fc                _nrk_errno_set
                0x00003436                nrk_error_print
 .text          0x00003618      0x1e8 ../../../src/kernel/source/nrk_stack_check.o
                0x00003662                dump_stack_info
                0x00003618                nrk_stack_check_pid
                0x000037ba                nrk_stack_check
 .text          0x00003800      0x63c ../../../src/kernel/source/nrk_events.o
                0x00003c02                nrk_signal_delete
                0x00003b22                nrk_event_signal
                0x00003a7a                nrk_sem_post
                0x00003984                nrk_sem_create
                0x00003dc6                nrk_event_wait
                0x00003a42                nrk_sem_query
                0x00003800                nrk_signal_create
                0x00003912                nrk_signal_register
                0x00003d1e                nrk_sem_pend
                0x000039fc                nrk_sem_delete
                0x0000387a                nrk_signal_get_registered_mask
                0x000039da                nrk_get_resource_index
                0x0000388c                nrk_signal_unregister
 .text          0x00003e3c      0x67e ../../../src/kernel/source/nrk_task.o
                0x00004020                _nrk_wait_for_scheduler
                0x00004012                nrk_get_pid
                0x00004392                nrk_wait_until_next_period
                0x000042be                nrk_wait_ticks
                0x000040ee                nrk_wait_until
                0x000041ec                nrk_set_next_wakeup
                0x00003e60                nrk_add_to_readyQ
                0x0000419e                nrk_wait_until_nw
                0x00003e4a                nrk_print_readyQ
                0x0000440e                nrk_activate_task
                0x00004268                nrk_wait_until_ticks
                0x00004034                nrk_wait
                0x000043ea                nrk_terminate_task
                0x00003e3c                nrk_get_high_ready_task_ID
                0x0000432c                nrk_wait_until_next_n_periods
                0x00003f6e                nrk_rem_from_readyQ
 .text          0x000044ba      0x5c0 ../../../src/kernel/source/nrk_time.o
                0x000046d6                nrk_time_set
                0x000049c4                nrk_time_get
                0x000046f8                _nrk_time_to_ticks
                0x000048b4                _nrk_time_to_ticks_long
                0x000045d8                nrk_time_compact_nanos
                0x0000461c                nrk_time_add
                0x000044ba                nrk_time_sub
                0x000047fc                _nrk_ticks_to_time
 .text          0x00004a7a       0x48 ../../../src/kernel/source/nrk_idle_task.o
                0x00004a7a                nrk_idle_task
 .text          0x00004ac2      0x3f0 ../../../src/kernel/source/nrk_scheduler.o
                0x00004ac2                _nrk_scheduler
 .text          0x00004eb2        0x0 ../../../src/kernel/source/nrk_driver.o
 .text          0x00004eb2        0x0 ../../../src/kernel/source/nrk_reserve.o
 .text          0x00004eb2      0x398 ../../../src/kernel/hal/atmega1281/nrk_timer.o
                0x00005148                nrk_high_speed_timer_wait
                0x000050c0                __vector_32
                0x00004f76                nrk_timer_int_reset
                0x00004f42                _nrk_os_timer_reset
                0x0000503e                _nrk_os_timer_get
                0x00004f68                nrk_timer_int_stop
                0x00004eb2                nrk_spin_wait_us
                0x00005046                __vector_13
                0x00004ece                _nrk_high_speed_timer_reset
                0x000050ac                __vector_17
                0x000051d4                _nrk_setup_timer
                0x0000511c                __vector_default
                0x00004f60                _nrk_set_next_wakeup
                0x00004f8e                nrk_timer_int_read
                0x00004ec0                _nrk_high_speed_timer_stop
                0x00004ec6                _nrk_high_speed_timer_start
                0x00004fa2                nrk_timer_int_start
                0x00005046                __vector_15
                0x00004fb8                nrk_timer_int_configure
                0x00004f2a                _nrk_os_timer_set
                0x00004ede                _nrk_high_speed_timer_get
                0x00004f14                _nrk_os_timer_stop
                0x00004f30                _nrk_os_timer_start
                0x00004f56                _nrk_get_next_wakeup
 .text          0x0000524a      0x2f2 ../../../src/kernel/hal/atmega1281/nrk_ext_int.o
                0x0000524a                nrk_ext_int_enable
                0x00005484                __vector_1
                0x00005362                nrk_ext_int_configure
                0x000054e0                __vector_9
                0x000052d8                nrk_ext_int_disable
 .text          0x0000553c       0x16 ../../../src/kernel/hal/atmega1281/nrk_status.o
                0x00005550                update_watchdog
                0x0000553c                _nrk_startup_ok
 .text          0x00005552       0x54 ../../../src/kernel/hal/atmega1281/nrk_watchdog.o
                0x00005568                nrk_watchdog_disable
                0x00005586                nrk_watchdog_enable
                0x00005552                nrk_watchdog_check
                0x00005564                nrk_watchdog_reset
 .text          0x000055a6      0x130 ../../../src/kernel/hal/atmega1281/nrk_cpu.o
                0x0000565a                nrk_stack_pointer_init
                0x00005698                nrk_task_set_stk
                0x000055c0                nrk_idle
                0x000055a6                nrk_battery_save
                0x000055d6                nrk_task_set_entry_function
                0x0000568e                nrk_target_start
                0x0000567c                nrk_stack_pointer_restore
                0x000055de                nrk_task_stk_init
                0x000055a8                nrk_sleep
 .text          0x000056d6       0x56 ../../../src/kernel/hal/atmega1281/atmel_hw_specific.o
                0x000056d6                nrk_start_high_ready_task
 .text          0x0000572c      0x260 /usr/local/lib/gcc/avr/4.2.2/../../../../avr/lib/avr5/libprintf_min.a(vfprintf_min.o)
                0x0000572c                vfprintf
 .text          0x0000598c        0x0 /usr/local/lib/gcc/avr/4.2.2/avr5/libgcc.a(_mulsi3.o)
 .text          0x0000598c        0x0 /usr/local/lib/gcc/avr/4.2.2/avr5/libgcc.a(_udivmodhi4.o)
 .text          0x0000598c        0x0 /usr/local/lib/gcc/avr/4.2.2/avr5/libgcc.a(_divmodhi4.o)
 .text          0x0000598c        0x0 /usr/local/lib/gcc/avr/4.2.2/avr5/libgcc.a(_udivmodsi4.o)
 .text          0x0000598c        0x0 /usr/local/lib/gcc/avr/4.2.2/avr5/libgcc.a(_prologue.o)
 .text          0x0000598c        0x0 /usr/local/lib/gcc/avr/4.2.2/avr5/libgcc.a(_epilogue.o)
 .text          0x0000598c        0x0 /usr/local/lib/gcc/avr/4.2.2/avr5/libgcc.a(_exit.o)
 .text          0x0000598c        0x0 /usr/local/lib/gcc/avr/4.2.2/avr5/libgcc.a(_clear_bss.o)
 .text          0x0000598c       0xce /usr/local/lib/gcc/avr/4.2.2/../../../../avr/lib/avr5/libc.a(rand.o)
                0x00005a34                rand_r
                0x00005a3a                rand
                0x00005a44                srand
 .text          0x00005a5a       0x16 /usr/local/lib/gcc/avr/4.2.2/../../../../avr/lib/avr5/libc.a(strchr_P.o)
                0x00005a5a                strchr_P
 .text          0x00005a70       0x9c /usr/local/lib/gcc/avr/4.2.2/../../../../avr/lib/avr5/libc.a(fdevopen.o)
                0x00005a70                fdevopen
 .text          0x00005b0c       0x5a /usr/local/lib/gcc/avr/4.2.2/../../../../avr/lib/avr5/libc.a(fputc.o)
                0x00005b0c                fputc
 .text          0x00005b66        0x0 /usr/local/lib/gcc/avr/4.2.2/../../../../avr/lib/avr5/libc.a(iob.o)
 .text          0x00005b66       0x2e /usr/local/lib/gcc/avr/4.2.2/../../../../avr/lib/avr5/libc.a(printf.o)
                0x00005b66                printf
 .text          0x00005b94       0x66 /usr/local/lib/gcc/avr/4.2.2/../../../../avr/lib/avr5/libc.a(puts.o)
                0x00005b94                puts
 .text          0x00005bfa       0xbc /usr/local/lib/gcc/avr/4.2.2/../../../../avr/lib/avr5/libc.a(ultoa_invert.o)
                0x00005bfa                __ultoa_invert
 .text          0x00005cb6        0x0 /usr/local/lib/gcc/avr/4.2.2/../../../../avr/lib/avr5/libc.a(ee_rb.1F2021.o)
 .text          0x00005cb6        0x0 /usr/local/lib/gcc/avr/4.2.2/../../../../avr/lib/avr5/libc.a(ee_wb.1F2021.o)
 .text          0x00005cb6       0x38 /usr/local/lib/gcc/avr/4.2.2/../../../../avr/lib/avr5/libc.a(calloc.o)
                0x00005cb6                calloc
 .text          0x00005cee      0x1fc /usr/local/lib/gcc/avr/4.2.2/../../../../avr/lib/avr5/libc.a(malloc.o)
                0x00005cee                malloc
                0x00005e3e                free
 .text          0x00005eea        0xe /usr/local/lib/gcc/avr/4.2.2/../../../../avr/lib/avr5/libc.a(memset.o)
                0x00005eea                memset
 .text          0x00005ef8        0x0 /usr/local/lib/gcc/avr/4.2.2/avr5/libgcc.a(_divmodsi4.o)
                0x00005ef8                . = ALIGN (0x2)
 *(.text.*)
 .text.libgcc   0x00005ef8       0x3e /usr/local/lib/gcc/avr/4.2.2/avr5/libgcc.a(_mulsi3.o)
                0x00005ef8                __mulsi3
 .text.libgcc   0x00005f36       0x28 /usr/local/lib/gcc/avr/4.2.2/avr5/libgcc.a(_udivmodhi4.o)
                0x00005f36                __udivmodhi4
 .text.libgcc   0x00005f5e       0x26 /usr/local/lib/gcc/avr/4.2.2/avr5/libgcc.a(_divmodhi4.o)
                0x00005f5e                __divmodhi4
                0x00005f5e                _div
 .text.libgcc   0x00005f84       0x44 /usr/local/lib/gcc/avr/4.2.2/avr5/libgcc.a(_udivmodsi4.o)
                0x00005f84                __udivmodsi4
 .text.libgcc   0x00005fc8       0x38 /usr/local/lib/gcc/avr/4.2.2/avr5/libgcc.a(_prologue.o)
                0x00005fc8                __prologue_saves__
 .text.libgcc   0x00006000       0x36 /usr/local/lib/gcc/avr/4.2.2/avr5/libgcc.a(_epilogue.o)
                0x00006000                __epilogue_restores__
 .text.libgcc   0x00006036        0x0 /usr/local/lib/gcc/avr/4.2.2/avr5/libgcc.a(_exit.o)
 .text.libgcc   0x00006036        0x0 /usr/local/lib/gcc/avr/4.2.2/avr5/libgcc.a(_clear_bss.o)
 .text.eeprom   0x00006036       0x10 /usr/local/lib/gcc/avr/4.2.2/../../../../avr/lib/avr5/libc.a(ee_rb.1F2021.o)
                0x00006036                __eeprom_read_byte_1F2021
 .text.eeprom   0x00006046       0x18 /usr/local/lib/gcc/avr/4.2.2/../../../../avr/lib/avr5/libc.a(ee_wb.1F2021.o)
                0x00006046                __eeprom_write_byte_1F2021
 .text.libgcc   0x0000605e       0x36 /usr/local/lib/gcc/avr/4.2.2/avr5/libgcc.a(_divmodsi4.o)
                0x0000605e                __divmodsi4
                0x00006094                . = ALIGN (0x2)
 *(.fini9)
 .fini9         0x00006094        0x0 /usr/local/lib/gcc/avr/4.2.2/avr5/libgcc.a(_exit.o)
                0x00006094                exit
                0x00006094                _exit
 *(.fini9)
 *(.fini8)
 *(.fini8)
 *(.fini7)
 *(.fini7)
 *(.fini6)
 *(.fini6)
 *(.fini5)
 *(.fini5)
 *(.fini4)
 *(.fini4)
 *(.fini3)
 *(.fini3)
 *(.fini2)
 *(.fini2)
 *(.fini1)
 *(.fini1)
 *(.fini0)
 .fini0         0x00006094        0x2 /usr/local/lib/gcc/avr/4.2.2/avr5/libgcc.a(_exit.o)
 *(.fini0)
                0x00006096                _etext = .

.data           0x00800200       0xa2 load address 0x00006096
                0x00800200                PROVIDE (__data_start, .)
 *(.data)
 .data          0x00800200        0x0 /usr/local/lib/gcc/avr/4.2.2/../../../../avr/lib/avr5/crtm1281.o
 .data          0x00800200       0x26 bmac_server.o
 .data          0x00800226        0x0 ../../../src/net/bmac/bmac.o
 .data          0x00800226        0x0 ../../../src/radio/cc2420/source/hal_rf_set_channel.o
 .data          0x00800226        0x0 ../../../src/radio/cc2420/source/hal_rf_wait_for_crystal_oscillator.o
 .data          0x00800226        0x0 ../../../src/radio/cc2420/source/basic_rf.o
 .data          0x00800226       0x21 ../../../src/platform/firefly2_2/source/ulib.o
                0x00800239                NRK_LED_0
                0x0080023e                NRK_FIFOP
                0x00800236                NRK_SFD
                0x00800232                NRK_DEBUG_3
                0x0080023a                NRK_LED_1
                0x00800244                NRK_ADC_INPUT_5
                0x00800240                NRK_ADC_INPUT_1
                0x00800238                NRK_UART0_TXD
                0x0080023b                NRK_LED_2
                0x00800228                NRK_BUTTON
                0x0080023f                NRK_ADC_INPUT_0
                0x00800227                NRK_DEBUG_1
                0x0080023d                NRK_GPIO34
                0x00800235                NRK_CCA
                0x00800245                NRK_ADC_INPUT_6
                0x00800226                NRK_DEBUG_0
                0x00800242                NRK_ADC_INPUT_3
                0x0080022d                NRK_GPIO26
                0x0080022c                NRK_MISO
                0x0080022e                NRK_MMC_11
                0x0080022b                NRK_MOSI
                0x00800243                NRK_ADC_INPUT_4
                0x00800234                NRK_UART1_TXD
                0x00800237                NRK_UART0_RXD
                0x00800246                NRK_ADC_INPUT_7
                0x00800231                NRK_DEBUG_2
                0x00800230                NRK_MMC_9
                0x0080023c                NRK_LED_3
                0x00800229                NRK_SPI_SS
                0x0080022f                NRK_MMC_10
                0x00800233                NRK_UART1_RXD
                0x00800241                NRK_ADC_INPUT_2
                0x0080022a                NRK_SCK
 .data          0x00800247        0x0 ../../../src/platform/firefly2_2/source/hal_wait.o
 .data          0x00800247        0x0 ../../../src/platform/firefly2_2/source/nrk_eeprom.o
 .data          0x00800247        0x0 ../../../src/kernel/source/nrk.o
 .data          0x00800247        0x0 ../../../src/kernel/source/nrk_stats.o
 .data          0x00800247        0x3 ../../../src/kernel/source/nrk_error.o
 .data          0x0080024a       0x4e ../../../src/kernel/source/nrk_stack_check.o
 .data          0x00800298        0x0 ../../../src/kernel/source/nrk_events.o
 .data          0x00800298        0x0 ../../../src/kernel/source/nrk_task.o
 .data          0x00800298        0x0 ../../../src/kernel/source/nrk_time.o
 .data          0x00800298        0x0 ../../../src/kernel/source/nrk_idle_task.o
 .data          0x00800298        0x0 ../../../src/kernel/source/nrk_scheduler.o
 .data          0x00800298        0x0 ../../../src/kernel/source/nrk_driver.o
 .data          0x00800298        0x0 ../../../src/kernel/source/nrk_reserve.o
 .data          0x00800298        0x0 ../../../src/kernel/hal/atmega1281/nrk_timer.o
 .data          0x00800298        0x0 ../../../src/kernel/hal/atmega1281/nrk_ext_int.o
 .data          0x00800298        0x0 ../../../src/kernel/hal/atmega1281/nrk_status.o
 .data          0x00800298        0x0 ../../../src/kernel/hal/atmega1281/nrk_watchdog.o
 .data          0x00800298        0x0 ../../../src/kernel/hal/atmega1281/nrk_cpu.o
 .data          0x00800298        0x0 ../../../src/kernel/hal/atmega1281/atmel_hw_specific.o
 .data          0x00800298        0x0 /usr/local/lib/gcc/avr/4.2.2/../../../../avr/lib/avr5/libprintf_min.a(vfprintf_min.o)
 .data          0x00800298        0x0 /usr/local/lib/gcc/avr/4.2.2/avr5/libgcc.a(_mulsi3.o)
 .data          0x00800298        0x0 /usr/local/lib/gcc/avr/4.2.2/avr5/libgcc.a(_udivmodhi4.o)
 .data          0x00800298        0x0 /usr/local/lib/gcc/avr/4.2.2/avr5/libgcc.a(_divmodhi4.o)
 .data          0x00800298        0x0 /usr/local/lib/gcc/avr/4.2.2/avr5/libgcc.a(_udivmodsi4.o)
 .data          0x00800298        0x0 /usr/local/lib/gcc/avr/4.2.2/avr5/libgcc.a(_prologue.o)
 .data          0x00800298        0x0 /usr/local/lib/gcc/avr/4.2.2/avr5/libgcc.a(_epilogue.o)
 .data          0x00800298        0x0 /usr/local/lib/gcc/avr/4.2.2/avr5/libgcc.a(_exit.o)
 .data          0x00800298        0x0 /usr/local/lib/gcc/avr/4.2.2/avr5/libgcc.a(_clear_bss.o)
 .data          0x00800298        0x4 /usr/local/lib/gcc/avr/4.2.2/../../../../avr/lib/avr5/libc.a(rand.o)
 .data          0x0080029c        0x0 /usr/local/lib/gcc/avr/4.2.2/../../../../avr/lib/avr5/libc.a(strchr_P.o)
 .data          0x0080029c        0x0 /usr/local/lib/gcc/avr/4.2.2/../../../../avr/lib/avr5/libc.a(fdevopen.o)
 .data          0x0080029c        0x0 /usr/local/lib/gcc/avr/4.2.2/../../../../avr/lib/avr5/libc.a(fputc.o)
 .data          0x0080029c        0x0 /usr/local/lib/gcc/avr/4.2.2/../../../../avr/lib/avr5/libc.a(iob.o)
 .data          0x0080029c        0x0 /usr/local/lib/gcc/avr/4.2.2/../../../../avr/lib/avr5/libc.a(printf.o)
 .data          0x0080029c        0x0 /usr/local/lib/gcc/avr/4.2.2/../../../../avr/lib/avr5/libc.a(puts.o)
 .data          0x0080029c        0x0 /usr/local/lib/gcc/avr/4.2.2/../../../../avr/lib/avr5/libc.a(ultoa_invert.o)
 .data          0x0080029c        0x0 /usr/local/lib/gcc/avr/4.2.2/../../../../avr/lib/avr5/libc.a(ee_rb.1F2021.o)
 .data          0x0080029c        0x0 /usr/local/lib/gcc/avr/4.2.2/../../../../avr/lib/avr5/libc.a(ee_wb.1F2021.o)
 .data          0x0080029c        0x0 /usr/local/lib/gcc/avr/4.2.2/../../../../avr/lib/avr5/libc.a(calloc.o)
 .data          0x0080029c        0x6 /usr/local/lib/gcc/avr/4.2.2/../../../../avr/lib/avr5/libc.a(malloc.o)
                0x0080029e                __malloc_heap_start
                0x008002a0                __malloc_heap_end
                0x0080029c                __malloc_margin
 .data          0x008002a2        0x0 /usr/local/lib/gcc/avr/4.2.2/../../../../avr/lib/avr5/libc.a(memset.o)
 .data          0x008002a2        0x0 /usr/local/lib/gcc/avr/4.2.2/avr5/libgcc.a(_divmodsi4.o)
 *(.data*)
 *(.rodata)
 *(.rodata*)
 *(.gnu.linkonce.d*)
                0x008002a2                . = ALIGN (0x2)
                0x008002a2                _edata = .
                0x008002a2                PROVIDE (__data_end, .)

.bss            0x008002a2      0x408 load address 0x00006138
                0x008002a2                PROVIDE (__bss_start, .)
 *(.bss)
 .bss           0x008002a2        0x0 /usr/local/lib/gcc/avr/4.2.2/../../../../avr/lib/avr5/crtm1281.o
 .bss           0x008002a2        0x0 bmac_server.o
 .bss           0x008002a2        0x0 ../../../src/net/bmac/bmac.o
 .bss           0x008002a2        0x0 ../../../src/radio/cc2420/source/hal_rf_set_channel.o
 .bss           0x008002a2        0x0 ../../../src/radio/cc2420/source/hal_rf_wait_for_crystal_oscillator.o
 .bss           0x008002a2        0x0 ../../../src/radio/cc2420/source/basic_rf.o
 .bss           0x008002a2        0x0 ../../../src/platform/firefly2_2/source/ulib.o
 .bss           0x008002a2        0x0 ../../../src/platform/firefly2_2/source/hal_wait.o
 .bss           0x008002a2        0x0 ../../../src/platform/firefly2_2/source/nrk_eeprom.o
 .bss           0x008002a2        0x0 ../../../src/kernel/source/nrk.o
 .bss           0x008002a2        0x0 ../../../src/kernel/source/nrk_stats.o
 .bss           0x008002a2        0x0 ../../../src/kernel/source/nrk_error.o
 .bss           0x008002a2        0x0 ../../../src/kernel/source/nrk_stack_check.o
 .bss           0x008002a2        0x0 ../../../src/kernel/source/nrk_events.o
 .bss           0x008002a2        0x0 ../../../src/kernel/source/nrk_task.o
 .bss           0x008002a2        0x0 ../../../src/kernel/source/nrk_time.o
 .bss           0x008002a2        0x0 ../../../src/kernel/source/nrk_idle_task.o
 .bss           0x008002a2        0x0 ../../../src/kernel/source/nrk_scheduler.o
 .bss           0x008002a2        0x0 ../../../src/kernel/source/nrk_driver.o
 .bss           0x008002a2        0x0 ../../../src/kernel/source/nrk_reserve.o
 .bss           0x008002a2        0x0 ../../../src/kernel/hal/atmega1281/nrk_timer.o
 .bss           0x008002a2        0x0 ../../../src/kernel/hal/atmega1281/nrk_ext_int.o
 .bss           0x008002a2        0x0 ../../../src/kernel/hal/atmega1281/nrk_status.o
 .bss           0x008002a2        0x0 ../../../src/kernel/hal/atmega1281/nrk_watchdog.o
 .bss           0x008002a2        0x0 ../../../src/kernel/hal/atmega1281/nrk_cpu.o
 .bss           0x008002a2        0x0 ../../../src/kernel/hal/atmega1281/atmel_hw_specific.o
 .bss           0x008002a2        0x0 /usr/local/lib/gcc/avr/4.2.2/../../../../avr/lib/avr5/libprintf_min.a(vfprintf_min.o)
 .bss           0x008002a2        0x0 /usr/local/lib/gcc/avr/4.2.2/avr5/libgcc.a(_mulsi3.o)
 .bss           0x008002a2        0x0 /usr/local/lib/gcc/avr/4.2.2/avr5/libgcc.a(_udivmodhi4.o)
 .bss           0x008002a2        0x0 /usr/local/lib/gcc/avr/4.2.2/avr5/libgcc.a(_divmodhi4.o)
 .bss           0x008002a2        0x0 /usr/local/lib/gcc/avr/4.2.2/avr5/libgcc.a(_udivmodsi4.o)
 .bss           0x008002a2        0x0 /usr/local/lib/gcc/avr/4.2.2/avr5/libgcc.a(_prologue.o)
 .bss           0x008002a2        0x0 /usr/local/lib/gcc/avr/4.2.2/avr5/libgcc.a(_epilogue.o)
 .bss           0x008002a2        0x0 /usr/local/lib/gcc/avr/4.2.2/avr5/libgcc.a(_exit.o)
 .bss           0x008002a2        0x0 /usr/local/lib/gcc/avr/4.2.2/avr5/libgcc.a(_clear_bss.o)
 .bss           0x008002a2        0x0 /usr/local/lib/gcc/avr/4.2.2/../../../../avr/lib/avr5/libc.a(rand.o)
 .bss           0x008002a2        0x0 /usr/local/lib/gcc/avr/4.2.2/../../../../avr/lib/avr5/libc.a(strchr_P.o)
 .bss           0x008002a2        0x0 /usr/local/lib/gcc/avr/4.2.2/../../../../avr/lib/avr5/libc.a(fdevopen.o)
 .bss           0x008002a2        0x0 /usr/local/lib/gcc/avr/4.2.2/../../../../avr/lib/avr5/libc.a(fputc.o)
 .bss           0x008002a2        0x0 /usr/local/lib/gcc/avr/4.2.2/../../../../avr/lib/avr5/libc.a(iob.o)
 .bss           0x008002a2        0x0 /usr/local/lib/gcc/avr/4.2.2/../../../../avr/lib/avr5/libc.a(printf.o)
 .bss           0x008002a2        0x0 /usr/local/lib/gcc/avr/4.2.2/../../../../avr/lib/avr5/libc.a(puts.o)
 .bss           0x008002a2        0x0 /usr/local/lib/gcc/avr/4.2.2/../../../../avr/lib/avr5/libc.a(ultoa_invert.o)
 .bss           0x008002a2        0x0 /usr/local/lib/gcc/avr/4.2.2/../../../../avr/lib/avr5/libc.a(ee_rb.1F2021.o)
 .bss           0x008002a2        0x0 /usr/local/lib/gcc/avr/4.2.2/../../../../avr/lib/avr5/libc.a(ee_wb.1F2021.o)
 .bss           0x008002a2        0x0 /usr/local/lib/gcc/avr/4.2.2/../../../../avr/lib/avr5/libc.a(calloc.o)
 .bss           0x008002a2        0x0 /usr/local/lib/gcc/avr/4.2.2/../../../../avr/lib/avr5/libc.a(malloc.o)
 .bss           0x008002a2        0x0 /usr/local/lib/gcc/avr/4.2.2/../../../../avr/lib/avr5/libc.a(memset.o)
 .bss           0x008002a2        0x0 /usr/local/lib/gcc/avr/4.2.2/avr5/libgcc.a(_divmodsi4.o)
 *(.bss*)
 *(COMMON)
 COMMON         0x008002a2      0x2fa bmac_server.o
                0x008002a2                cca_active
                0x008002a3                error_task
                0x008002a4                bmac_task
                0x008002c7                bmac_enable_signal
                0x008002c8                rx_task_stack
                0x00800348                bmac_rfTxInfo
                0x0080034f                _nrk_signal_list
                0x00800353                PIN_TASK
                0x00800376                bmac_rx_pkt_signal
                0x00800377                rx_buf
                0x008003eb                nrk_kernel_stk_ptr
                0x008003ed                RX_TASK
                0x00800410                pin_task_stack
                0x00800490                bmac_task_stack
                0x00800510                bmac_rfRxInfo
                0x00800519                error_num
                0x0080051a                nrk_idle_task_stk
                0x0080059a                bmac_tx_pkt_done_signal
                0x0080059b                tx_reserve
 COMMON         0x0080059c       0x13 ../../../src/net/bmac/bmac.o
                0x0080059c                app_timer0_callback
                0x0080059e                bmac_running
                0x0080059f                is_enabled
                0x008005a0                tx_data_ready
                0x008005a1                _nrk_time_trigger
                0x008005a2                _bmac_check_period
                0x008005aa                pkt_got_ack
                0x008005ab                app_timer0_prescale
                0x008005ac                g_chan
                0x008005ad                _nrk_prev_timer_val
                0x008005ae                rx_buf_empty
 COMMON         0x008005af       0x1b ../../../src/radio/cc2420/source/basic_rf.o
                0x008005af                rx_ctr
                0x008005b3                radio_sem
                0x008005b5                security_enable
                0x008005b6                mdmctrl0
                0x008005b8                rfSettings
                0x008005c1                tmp_blah
                0x008005c3                auto_ack_enable
                0x008005c4                last_pkt_encrypted
                0x008005c5                tx_ctr
                0x008005c9                rx_ready
 COMMON         0x008005ca       0x13 ../../../src/platform/firefly2_2/source/ulib.o
                0x008005ca                uart_rx_buf_end
                0x008005cb                uart_rx_buf
                0x008005db                uart_rx_signal
                0x008005dc                uart_rx_buf_start
 COMMON         0x008005dd       0xbb ../../../src/kernel/source/nrk.o
                0x008005dd                _free_node
                0x008005df                nrk_task_TCB
                0x00800663                next_next_wakeup
                0x00800665                nrk_sem_list
                0x0080066b                nrk_task_init_cnt
                0x0080066c                nrk_wakeup_signal
                0x0080066d                nrk_high_ready_TCB
                0x0080066f                nrk_cur_task_prio
                0x00800670                _nrk_cpu_state
                0x00800671                _head_node
                0x00800673                nrk_system_time
                0x0080067b                _nrk_resource_cnt
                0x0080067c                nrk_cur_task_TCB
                0x0080067e                nrk_high_ready_prio
                0x0080067f                _nrk_readyQ
 COMMON         0x00800698        0x8 ../../../src/kernel/hal/atmega1281/nrk_ext_int.o
                0x00800698                ext_int1_callback
                0x0080069a                ext_int0_callback
                0x0080069c                ext_int2_callback
                0x0080069e                pc_int0_callback
 COMMON         0x008006a0        0x6 /usr/local/lib/gcc/avr/4.2.2/../../../../avr/lib/avr5/libc.a(iob.o)
                0x008006a0                __iob
 COMMON         0x008006a6        0x4 /usr/local/lib/gcc/avr/4.2.2/../../../../avr/lib/avr5/libc.a(malloc.o)
                0x008006a6                __brkval
                0x008006a8                __flp
                0x008006aa                PROVIDE (__bss_end, .)
                0x00006096                __data_load_start = LOADADDR (.data)
                0x00006138                __data_load_end = (__data_load_start + SIZEOF (.data))

.noinit         0x008006aa        0x0
                0x008006aa                PROVIDE (__noinit_start, .)
 *(.noinit*)
                0x008006aa                PROVIDE (__noinit_end, .)
                0x008006aa                _end = .
                0x008006aa                PROVIDE (__heap_start, .)

.eeprom         0x00810000        0x0
 *(.eeprom*)
                0x00810000                __eeprom_end = .

.stab           0x00000000     0xeebc
 *(.stab)
 .stab          0x00000000      0x414 /usr/local/lib/gcc/avr/4.2.2/../../../../avr/lib/avr5/crtm1281.o
 .stab          0x00000414      0xbac bmac_server.o
                                0xbb8 (size before relaxing)
 .stab          0x00000fc0     0x177c ../../../src/net/bmac/bmac.o
                               0x1adc (size before relaxing)
 .stab          0x0000273c      0x21c ../../../src/radio/cc2420/source/hal_rf_set_channel.o
                                0x534 (size before relaxing)
 .stab          0x00002958      0x21c ../../../src/radio/cc2420/source/hal_rf_wait_for_crystal_oscillator.o
                                0x534 (size before relaxing)
 .stab          0x00002b74     0x1c80 ../../../src/radio/cc2420/source/basic_rf.o
                               0x204c (size before relaxing)
 .stab          0x000047f4     0x114c ../../../src/platform/firefly2_2/source/ulib.o
                               0x14b8 (size before relaxing)
 .stab          0x00005940      0x204 ../../../src/platform/firefly2_2/source/hal_wait.o
                                0x51c (size before relaxing)
 .stab          0x00005b44      0xb28 ../../../src/platform/firefly2_2/source/nrk_eeprom.o
                                0xe4c (size before relaxing)
 .stab          0x0000666c      0x8ac ../../../src/kernel/source/nrk.o
                                0xc90 (size before relaxing)
 .stab          0x00006f18      0x27c ../../../src/kernel/source/nrk_stats.o
                                0x66c (size before relaxing)
 .stab          0x00007194      0x774 ../../../src/kernel/source/nrk_error.o
                                0xb7c (size before relaxing)
 .stab          0x00007908      0x42c ../../../src/kernel/source/nrk_stack_check.o
                                0x81c (size before relaxing)
 .stab          0x00007d34      0xd50 ../../../src/kernel/source/nrk_events.o
                               0x111c (size before relaxing)
 .stab          0x00008a84      0xf60 ../../../src/kernel/source/nrk_task.o
                               0x132c (size before relaxing)
 .stab          0x000099e4      0x6cc ../../../src/kernel/source/nrk_time.o
                                0xa80 (size before relaxing)
 .stab          0x0000a0b0      0x2e8 ../../../src/kernel/source/nrk_idle_task.o
                                0x6f0 (size before relaxing)
 .stab          0x0000a398      0x6c0 ../../../src/kernel/source/nrk_scheduler.o
                                0xa8c (size before relaxing)
 .stab          0x0000aa58       0xe4 ../../../src/kernel/source/nrk_driver.o
                                 0xf0 (size before relaxing)
 .stab          0x0000ab3c       0xe4 ../../../src/kernel/source/nrk_reserve.o
                                 0xf0 (size before relaxing)
 .stab          0x0000ac20      0xca8 ../../../src/kernel/hal/atmega1281/nrk_timer.o
                                0xff0 (size before relaxing)
 .stab          0x0000b8c8      0x618 ../../../src/kernel/hal/atmega1281/nrk_ext_int.o
                                0x948 (size before relaxing)
 .stab          0x0000bee0      0x21c ../../../src/kernel/hal/atmega1281/nrk_status.o
                                0x534 (size before relaxing)
 .stab          0x0000c0fc      0x384 ../../../src/kernel/hal/atmega1281/nrk_watchdog.o
                                0x738 (size before relaxing)
 .stab          0x0000c480      0x6f0 ../../../src/kernel/hal/atmega1281/nrk_cpu.o
                                0xabc (size before relaxing)
 .stab          0x0000cb70      0x204 ../../../src/kernel/hal/atmega1281/atmel_hw_specific.o
                                0x210 (size before relaxing)
 .stab          0x0000cd74      0x7e0 /usr/local/lib/gcc/avr/4.2.2/../../../../avr/lib/avr5/libprintf_min.a(vfprintf_min.o)
                                0x840 (size before relaxing)
 .stab          0x0000d554      0x2f4 /usr/local/lib/gcc/avr/4.2.2/../../../../avr/lib/avr5/libc.a(rand.o)
                                0x330 (size before relaxing)
 .stab          0x0000d848       0x9c /usr/local/lib/gcc/avr/4.2.2/../../../../avr/lib/avr5/libc.a(strchr_P.o)
                                 0xa8 (size before relaxing)
 .stab          0x0000d8e4      0x27c /usr/local/lib/gcc/avr/4.2.2/../../../../avr/lib/avr5/libc.a(fdevopen.o)
                                0x4a4 (size before relaxing)
 .stab          0x0000db60      0x1d4 /usr/local/lib/gcc/avr/4.2.2/../../../../avr/lib/avr5/libc.a(fputc.o)
                                0x3b4 (size before relaxing)
 .stab          0x0000dd34      0x12c /usr/local/lib/gcc/avr/4.2.2/../../../../avr/lib/avr5/libc.a(iob.o)
                                0x30c (size before relaxing)
 .stab          0x0000de60      0x1b0 /usr/local/lib/gcc/avr/4.2.2/../../../../avr/lib/avr5/libc.a(printf.o)
                                0x390 (size before relaxing)
 .stab          0x0000e010      0x1e0 /usr/local/lib/gcc/avr/4.2.2/../../../../avr/lib/avr5/libc.a(puts.o)
                                0x3c0 (size before relaxing)
 .stab          0x0000e1f0      0x480 /usr/local/lib/gcc/avr/4.2.2/../../../../avr/lib/avr5/libc.a(ultoa_invert.o)
                                0x48c (size before relaxing)
 .stab          0x0000e670       0x78 /usr/local/lib/gcc/avr/4.2.2/../../../../avr/lib/avr5/libc.a(ee_rb.1F2021.o)
                                 0x84 (size before relaxing)
 .stab          0x0000e6e8       0xa8 /usr/local/lib/gcc/avr/4.2.2/../../../../avr/lib/avr5/libc.a(ee_wb.1F2021.o)
                                 0xb4 (size before relaxing)
 .stab          0x0000e790      0x198 /usr/local/lib/gcc/avr/4.2.2/../../../../avr/lib/avr5/libc.a(calloc.o)
                                0x1f8 (size before relaxing)
 .stab          0x0000e928      0x528 /usr/local/lib/gcc/avr/4.2.2/../../../../avr/lib/avr5/libc.a(malloc.o)
                                0x708 (size before relaxing)
 .stab          0x0000ee50       0x6c /usr/local/lib/gcc/avr/4.2.2/../../../../avr/lib/avr5/libc.a(memset.o)
                                 0x78 (size before relaxing)

.stabstr        0x00000000     0x5da8
 *(.stabstr)
 .stabstr       0x00000000     0x5da8 /usr/local/lib/gcc/avr/4.2.2/../../../../avr/lib/avr5/crtm1281.o

.stab.excl
 *(.stab.excl)

.stab.exclstr
 *(.stab.exclstr)

.stab.index
 *(.stab.index)

.stab.indexstr
 *(.stab.indexstr)

.comment
 *(.comment)

.debug
 *(.debug)

.line
 *(.line)

.debug_srcinfo
 *(.debug_srcinfo)

.debug_sfnames
 *(.debug_sfnames)

.debug_aranges
 *(.debug_aranges)

.debug_pubnames
 *(.debug_pubnames)

.debug_info
 *(.debug_info)
 *(.gnu.linkonce.wi.*)

.debug_abbrev
 *(.debug_abbrev)

.debug_line
 *(.debug_line)

.debug_frame
 *(.debug_frame)

.debug_str
 *(.debug_str)

.debug_loc
 *(.debug_loc)

.debug_macinfo
 *(.debug_macinfo)
OUTPUT(bmac_server.elf elf32-avr)
LOAD linker stubs

Cross Reference Table

Symbol                                            File
NRK_ADC_INPUT_0                                   ../../../src/platform/firefly2_2/source/ulib.o
NRK_ADC_INPUT_1                                   ../../../src/platform/firefly2_2/source/ulib.o
NRK_ADC_INPUT_2                                   ../../../src/platform/firefly2_2/source/ulib.o
NRK_ADC_INPUT_3                                   ../../../src/platform/firefly2_2/source/ulib.o
NRK_ADC_INPUT_4                                   ../../../src/platform/firefly2_2/source/ulib.o
NRK_ADC_INPUT_5                                   ../../../src/platform/firefly2_2/source/ulib.o
NRK_ADC_INPUT_6                                   ../../../src/platform/firefly2_2/source/ulib.o
NRK_ADC_INPUT_7                                   ../../../src/platform/firefly2_2/source/ulib.o
NRK_BUTTON                                        ../../../src/platform/firefly2_2/source/ulib.o
NRK_CCA                                           ../../../src/platform/firefly2_2/source/ulib.o
NRK_DEBUG_0                                       ../../../src/platform/firefly2_2/source/ulib.o
                                                  bmac_server.o
NRK_DEBUG_1                                       ../../../src/platform/firefly2_2/source/ulib.o
                                                  bmac_server.o
NRK_DEBUG_2                                       ../../../src/platform/firefly2_2/source/ulib.o
                                                  bmac_server.o
NRK_DEBUG_3                                       ../../../src/platform/firefly2_2/source/ulib.o
                                                  bmac_server.o
NRK_FIFOP                                         ../../../src/platform/firefly2_2/source/ulib.o
NRK_GPIO26                                        ../../../src/platform/firefly2_2/source/ulib.o
NRK_GPIO34                                        ../../../src/platform/firefly2_2/source/ulib.o
NRK_LED_0                                         ../../../src/platform/firefly2_2/source/ulib.o
NRK_LED_1                                         ../../../src/platform/firefly2_2/source/ulib.o
NRK_LED_2                                         ../../../src/platform/firefly2_2/source/ulib.o
NRK_LED_3                                         ../../../src/platform/firefly2_2/source/ulib.o
NRK_MISO                                          ../../../src/platform/firefly2_2/source/ulib.o
NRK_MMC_10                                        ../../../src/platform/firefly2_2/source/ulib.o
NRK_MMC_11                                        ../../../src/platform/firefly2_2/source/ulib.o
NRK_MMC_9                                         ../../../src/platform/firefly2_2/source/ulib.o
NRK_MOSI                                          ../../../src/platform/firefly2_2/source/ulib.o
NRK_SCK                                           ../../../src/platform/firefly2_2/source/ulib.o
NRK_SFD                                           ../../../src/platform/firefly2_2/source/ulib.o
NRK_SPI_SS                                        ../../../src/platform/firefly2_2/source/ulib.o
NRK_UART0_RXD                                     ../../../src/platform/firefly2_2/source/ulib.o
NRK_UART0_TXD                                     ../../../src/platform/firefly2_2/source/ulib.o
NRK_UART1_RXD                                     ../../../src/platform/firefly2_2/source/ulib.o
NRK_UART1_TXD                                     ../../../src/platform/firefly2_2/source/ulib.o
PIN_TASK                                          bmac_server.o
PORT_INIT                                         ../../../src/platform/firefly2_2/source/ulib.o
RX_TASK                                           bmac_server.o
__bad_interrupt                                   /usr/local/lib/gcc/avr/4.2.2/../../../../avr/lib/avr5/crtm1281.o
__brkval                                          /usr/local/lib/gcc/avr/4.2.2/../../../../avr/lib/avr5/libc.a(malloc.o)
__bss_end                                         /usr/local/lib/gcc/avr/4.2.2/avr5/libgcc.a(_clear_bss.o)
__bss_start                                       /usr/local/lib/gcc/avr/4.2.2/avr5/libgcc.a(_clear_bss.o)
__data_end                                        /usr/local/lib/gcc/avr/4.2.2/../../../../avr/lib/avr5/crtm1281.o
__data_load_start                                 /usr/local/lib/gcc/avr/4.2.2/../../../../avr/lib/avr5/crtm1281.o
__data_start                                      /usr/local/lib/gcc/avr/4.2.2/../../../../avr/lib/avr5/crtm1281.o
__divmodhi4                                       /usr/local/lib/gcc/avr/4.2.2/avr5/libgcc.a(_divmodhi4.o)
                                                  ../../../src/net/bmac/bmac.o
__divmodsi4                                       /usr/local/lib/gcc/avr/4.2.2/avr5/libgcc.a(_divmodsi4.o)
                                                  /usr/local/lib/gcc/avr/4.2.2/../../../../avr/lib/avr5/libc.a(rand.o)
__do_clear_bss                                    /usr/local/lib/gcc/avr/4.2.2/avr5/libgcc.a(_clear_bss.o)
                                                  /usr/local/lib/gcc/avr/4.2.2/../../../../avr/lib/avr5/libc.a(malloc.o)
                                                  /usr/local/lib/gcc/avr/4.2.2/../../../../avr/lib/avr5/libc.a(calloc.o)
                                                  /usr/local/lib/gcc/avr/4.2.2/../../../../avr/lib/avr5/libc.a(puts.o)
                                                  /usr/local/lib/gcc/avr/4.2.2/../../../../avr/lib/avr5/libc.a(printf.o)
                                                  /usr/local/lib/gcc/avr/4.2.2/../../../../avr/lib/avr5/libc.a(iob.o)
                                                  /usr/local/lib/gcc/avr/4.2.2/../../../../avr/lib/avr5/libc.a(fputc.o)
                                                  /usr/local/lib/gcc/avr/4.2.2/../../../../avr/lib/avr5/libc.a(fdevopen.o)
                                                  /usr/local/lib/gcc/avr/4.2.2/../../../../avr/lib/avr5/libc.a(rand.o)
                                                  /usr/local/lib/gcc/avr/4.2.2/../../../../avr/lib/avr5/libprintf_min.a(vfprintf_min.o)
                                                  ../../../src/kernel/hal/atmega1281/nrk_cpu.o
                                                  ../../../src/kernel/hal/atmega1281/nrk_watchdog.o
                                                  ../../../src/kernel/hal/atmega1281/nrk_status.o
                                                  ../../../src/kernel/hal/atmega1281/nrk_ext_int.o
                                                  ../../../src/kernel/hal/atmega1281/nrk_timer.o
                                                  ../../../src/kernel/source/nrk_reserve.o
                                                  ../../../src/kernel/source/nrk_driver.o
                                                  ../../../src/kernel/source/nrk_scheduler.o
                                                  ../../../src/kernel/source/nrk_idle_task.o
                                                  ../../../src/kernel/source/nrk_time.o
                                                  ../../../src/kernel/source/nrk_task.o
                                                  ../../../src/kernel/source/nrk_events.o
                                                  ../../../src/kernel/source/nrk_stack_check.o
                                                  ../../../src/kernel/source/nrk_error.o
                                                  ../../../src/kernel/source/nrk_stats.o
                                                  ../../../src/kernel/source/nrk.o
                                                  ../../../src/platform/firefly2_2/source/nrk_eeprom.o
                                                  ../../../src/platform/firefly2_2/source/hal_wait.o
                                                  ../../../src/platform/firefly2_2/source/ulib.o
                                                  ../../../src/radio/cc2420/source/basic_rf.o
                                                  ../../../src/radio/cc2420/source/hal_rf_wait_for_crystal_oscillator.o
                                                  ../../../src/radio/cc2420/source/hal_rf_set_channel.o
                                                  ../../../src/net/bmac/bmac.o
                                                  bmac_server.o
__do_copy_data                                    /usr/local/lib/gcc/avr/4.2.2/../../../../avr/lib/avr5/crtm1281.o
                                                  /usr/local/lib/gcc/avr/4.2.2/../../../../avr/lib/avr5/libc.a(malloc.o)
                                                  /usr/local/lib/gcc/avr/4.2.2/../../../../avr/lib/avr5/libc.a(calloc.o)
                                                  /usr/local/lib/gcc/avr/4.2.2/../../../../avr/lib/avr5/libc.a(puts.o)
                                                  /usr/local/lib/gcc/avr/4.2.2/../../../../avr/lib/avr5/libc.a(printf.o)
                                                  /usr/local/lib/gcc/avr/4.2.2/../../../../avr/lib/avr5/libc.a(iob.o)
                                                  /usr/local/lib/gcc/avr/4.2.2/../../../../avr/lib/avr5/libc.a(fputc.o)
                                                  /usr/local/lib/gcc/avr/4.2.2/../../../../avr/lib/avr5/libc.a(fdevopen.o)
                                                  /usr/local/lib/gcc/avr/4.2.2/../../../../avr/lib/avr5/libc.a(rand.o)
                                                  /usr/local/lib/gcc/avr/4.2.2/../../../../avr/lib/avr5/libprintf_min.a(vfprintf_min.o)
                                                  ../../../src/kernel/hal/atmega1281/nrk_cpu.o
                                                  ../../../src/kernel/hal/atmega1281/nrk_watchdog.o
                                                  ../../../src/kernel/hal/atmega1281/nrk_status.o
                                                  ../../../src/kernel/hal/atmega1281/nrk_ext_int.o
                                                  ../../../src/kernel/hal/atmega1281/nrk_timer.o
                                                  ../../../src/kernel/source/nrk_reserve.o
                                                  ../../../src/kernel/source/nrk_driver.o
                                                  ../../../src/kernel/source/nrk_scheduler.o
                                                  ../../../src/kernel/source/nrk_idle_task.o
                                                  ../../../src/kernel/source/nrk_time.o
                                                  ../../../src/kernel/source/nrk_task.o
                                                  ../../../src/kernel/source/nrk_events.o
                                                  ../../../src/kernel/source/nrk_stack_check.o
                                                  ../../../src/kernel/source/nrk_error.o
                                                  ../../../src/kernel/source/nrk_stats.o
                                                  ../../../src/kernel/source/nrk.o
                                                  ../../../src/platform/firefly2_2/source/nrk_eeprom.o
                                                  ../../../src/platform/firefly2_2/source/hal_wait.o
                                                  ../../../src/platform/firefly2_2/source/ulib.o
                                                  ../../../src/radio/cc2420/source/basic_rf.o
                                                  ../../../src/radio/cc2420/source/hal_rf_wait_for_crystal_oscillator.o
                                                  ../../../src/radio/cc2420/source/hal_rf_set_channel.o
                                                  ../../../src/net/bmac/bmac.o
                                                  bmac_server.o
__eeprom_read_byte_1F2021                         /usr/local/lib/gcc/avr/4.2.2/../../../../avr/lib/avr5/libc.a(ee_rb.1F2021.o)
                                                  ../../../src/platform/firefly2_2/source/nrk_eeprom.o
__eeprom_write_byte_1F2021                        /usr/local/lib/gcc/avr/4.2.2/../../../../avr/lib/avr5/libc.a(ee_wb.1F2021.o)
                                                  ../../../src/platform/firefly2_2/source/nrk_eeprom.o
__epilogue_restores__                             /usr/local/lib/gcc/avr/4.2.2/avr5/libgcc.a(_epilogue.o)
                                                  /usr/local/lib/gcc/avr/4.2.2/../../../../avr/lib/avr5/libc.a(printf.o)
                                                  /usr/local/lib/gcc/avr/4.2.2/../../../../avr/lib/avr5/libc.a(fdevopen.o)
                                                  /usr/local/lib/gcc/avr/4.2.2/../../../../avr/lib/avr5/libc.a(rand.o)
                                                  /usr/local/lib/gcc/avr/4.2.2/../../../../avr/lib/avr5/libprintf_min.a(vfprintf_min.o)
__flp                                             /usr/local/lib/gcc/avr/4.2.2/../../../../avr/lib/avr5/libc.a(malloc.o)
__heap_end                                        /usr/local/lib/gcc/avr/4.2.2/../../../../avr/lib/avr5/crtm1281.o
                                                  /usr/local/lib/gcc/avr/4.2.2/../../../../avr/lib/avr5/libc.a(malloc.o)
__heap_start                                      /usr/local/lib/gcc/avr/4.2.2/../../../../avr/lib/avr5/libc.a(malloc.o)
__init                                            /usr/local/lib/gcc/avr/4.2.2/../../../../avr/lib/avr5/crtm1281.o
__iob                                             /usr/local/lib/gcc/avr/4.2.2/../../../../avr/lib/avr5/libc.a(puts.o)
                                                  /usr/local/lib/gcc/avr/4.2.2/../../../../avr/lib/avr5/libc.a(printf.o)
                                                  /usr/local/lib/gcc/avr/4.2.2/../../../../avr/lib/avr5/libc.a(iob.o)
                                                  /usr/local/lib/gcc/avr/4.2.2/../../../../avr/lib/avr5/libc.a(fdevopen.o)
                                                  ../../../src/kernel/source/nrk_error.o
                                                  ../../../src/platform/firefly2_2/source/ulib.o
__malloc_heap_end                                 /usr/local/lib/gcc/avr/4.2.2/../../../../avr/lib/avr5/libc.a(malloc.o)
__malloc_heap_start                               /usr/local/lib/gcc/avr/4.2.2/../../../../avr/lib/avr5/libc.a(malloc.o)
__malloc_margin                                   /usr/local/lib/gcc/avr/4.2.2/../../../../avr/lib/avr5/libc.a(malloc.o)
__mulsi3                                          /usr/local/lib/gcc/avr/4.2.2/avr5/libgcc.a(_mulsi3.o)
                                                  /usr/local/lib/gcc/avr/4.2.2/../../../../avr/lib/avr5/libc.a(rand.o)
                                                  ../../../src/kernel/source/nrk_scheduler.o
                                                  ../../../src/kernel/source/nrk_time.o
__prologue_saves__                                /usr/local/lib/gcc/avr/4.2.2/avr5/libgcc.a(_prologue.o)
                                                  /usr/local/lib/gcc/avr/4.2.2/../../../../avr/lib/avr5/libc.a(printf.o)
                                                  /usr/local/lib/gcc/avr/4.2.2/../../../../avr/lib/avr5/libc.a(rand.o)
                                                  /usr/local/lib/gcc/avr/4.2.2/../../../../avr/lib/avr5/libprintf_min.a(vfprintf_min.o)
__stack                                           /usr/local/lib/gcc/avr/4.2.2/../../../../avr/lib/avr5/crtm1281.o
                                                  bmac_server.o
__udivmodhi4                                      /usr/local/lib/gcc/avr/4.2.2/avr5/libgcc.a(_udivmodhi4.o)
                                                  /usr/local/lib/gcc/avr/4.2.2/avr5/libgcc.a(_divmodhi4.o)
                                                  ../../../src/kernel/source/nrk_scheduler.o
                                                  ../../../src/net/bmac/bmac.o
__udivmodsi4                                      /usr/local/lib/gcc/avr/4.2.2/avr5/libgcc.a(_udivmodsi4.o)
                                                  /usr/local/lib/gcc/avr/4.2.2/avr5/libgcc.a(_divmodsi4.o)
                                                  ../../../src/kernel/source/nrk_scheduler.o
                                                  ../../../src/kernel/source/nrk_time.o
__ultoa_invert                                    /usr/local/lib/gcc/avr/4.2.2/../../../../avr/lib/avr5/libc.a(ultoa_invert.o)
                                                  /usr/local/lib/gcc/avr/4.2.2/../../../../avr/lib/avr5/libprintf_min.a(vfprintf_min.o)
__vector_1                                        ../../../src/kernel/hal/atmega1281/nrk_ext_int.o
                                                  /usr/local/lib/gcc/avr/4.2.2/../../../../avr/lib/avr5/crtm1281.o
__vector_10                                       /usr/local/lib/gcc/avr/4.2.2/../../../../avr/lib/avr5/crtm1281.o
__vector_11                                       /usr/local/lib/gcc/avr/4.2.2/../../../../avr/lib/avr5/crtm1281.o
__vector_12                                       /usr/local/lib/gcc/avr/4.2.2/../../../../avr/lib/avr5/crtm1281.o
__vector_13                                       ../../../src/kernel/hal/atmega1281/nrk_timer.o
                                                  /usr/local/lib/gcc/avr/4.2.2/../../../../avr/lib/avr5/crtm1281.o
__vector_14                                       /usr/local/lib/gcc/avr/4.2.2/../../../../avr/lib/avr5/crtm1281.o
__vector_15                                       ../../../src/kernel/hal/atmega1281/nrk_timer.o
                                                  /usr/local/lib/gcc/avr/4.2.2/../../../../avr/lib/avr5/crtm1281.o
__vector_16                                       /usr/local/lib/gcc/avr/4.2.2/../../../../avr/lib/avr5/crtm1281.o
__vector_17                                       ../../../src/kernel/hal/atmega1281/nrk_timer.o
                                                  /usr/local/lib/gcc/avr/4.2.2/../../../../avr/lib/avr5/crtm1281.o
__vector_18                                       /usr/local/lib/gcc/avr/4.2.2/../../../../avr/lib/avr5/crtm1281.o
__vector_19                                       /usr/local/lib/gcc/avr/4.2.2/../../../../avr/lib/avr5/crtm1281.o
__vector_2                                        /usr/local/lib/gcc/avr/4.2.2/../../../../avr/lib/avr5/crtm1281.o
__vector_20                                       /usr/local/lib/gcc/avr/4.2.2/../../../../avr/lib/avr5/crtm1281.o
__vector_21                                       /usr/local/lib/gcc/avr/4.2.2/../../../../avr/lib/avr5/crtm1281.o
__vector_22                                       /usr/local/lib/gcc/avr/4.2.2/../../../../avr/lib/avr5/crtm1281.o
__vector_23                                       /usr/local/lib/gcc/avr/4.2.2/../../../../avr/lib/avr5/crtm1281.o
__vector_24                                       /usr/local/lib/gcc/avr/4.2.2/../../../../avr/lib/avr5/crtm1281.o
__vector_25                                       /usr/local/lib/gcc/avr/4.2.2/../../../../avr/lib/avr5/crtm1281.o
__vector_26                                       /usr/local/lib/gcc/avr/4.2.2/../../../../avr/lib/avr5/crtm1281.o
__vector_27                                       /usr/local/lib/gcc/avr/4.2.2/../../../../avr/lib/avr5/crtm1281.o
__vector_28                                       /usr/local/lib/gcc/avr/4.2.2/../../../../avr/lib/avr5/crtm1281.o
__vector_29                                       /usr/local/lib/gcc/avr/4.2.2/../../../../avr/lib/avr5/crtm1281.o
__vector_3                                        /usr/local/lib/gcc/avr/4.2.2/../../../../avr/lib/avr5/crtm1281.o
__vector_30                                       /usr/local/lib/gcc/avr/4.2.2/../../../../avr/lib/avr5/crtm1281.o
__vector_31                                       /usr/local/lib/gcc/avr/4.2.2/../../../../avr/lib/avr5/crtm1281.o
__vector_32                                       ../../../src/kernel/hal/atmega1281/nrk_timer.o
                                                  /usr/local/lib/gcc/avr/4.2.2/../../../../avr/lib/avr5/crtm1281.o
__vector_33                                       /usr/local/lib/gcc/avr/4.2.2/../../../../avr/lib/avr5/crtm1281.o
__vector_34                                       /usr/local/lib/gcc/avr/4.2.2/../../../../avr/lib/avr5/crtm1281.o
__vector_35                                       /usr/local/lib/gcc/avr/4.2.2/../../../../avr/lib/avr5/crtm1281.o
__vector_36                                       ../../../src/platform/firefly2_2/source/ulib.o
                                                  /usr/local/lib/gcc/avr/4.2.2/../../../../avr/lib/avr5/crtm1281.o
__vector_37                                       /usr/local/lib/gcc/avr/4.2.2/../../../../avr/lib/avr5/crtm1281.o
__vector_38                                       /usr/local/lib/gcc/avr/4.2.2/../../../../avr/lib/avr5/crtm1281.o
__vector_39                                       /usr/local/lib/gcc/avr/4.2.2/../../../../avr/lib/avr5/crtm1281.o
__vector_4                                        /usr/local/lib/gcc/avr/4.2.2/../../../../avr/lib/avr5/crtm1281.o
__vector_40                                       /usr/local/lib/gcc/avr/4.2.2/../../../../avr/lib/avr5/crtm1281.o
__vector_41                                       /usr/local/lib/gcc/avr/4.2.2/../../../../avr/lib/avr5/crtm1281.o
__vector_42                                       /usr/local/lib/gcc/avr/4.2.2/../../../../avr/lib/avr5/crtm1281.o
__vector_43                                       /usr/local/lib/gcc/avr/4.2.2/../../../../avr/lib/avr5/crtm1281.o
__vector_44                                       /usr/local/lib/gcc/avr/4.2.2/../../../../avr/lib/avr5/crtm1281.o
__vector_45                                       /usr/local/lib/gcc/avr/4.2.2/../../../../avr/lib/avr5/crtm1281.o
__vector_46                                       /usr/local/lib/gcc/avr/4.2.2/../../../../avr/lib/avr5/crtm1281.o
__vector_47                                       /usr/local/lib/gcc/avr/4.2.2/../../../../avr/lib/avr5/crtm1281.o
__vector_48                                       /usr/local/lib/gcc/avr/4.2.2/../../../../avr/lib/avr5/crtm1281.o
__vector_49                                       /usr/local/lib/gcc/avr/4.2.2/../../../../avr/lib/avr5/crtm1281.o
__vector_5                                        /usr/local/lib/gcc/avr/4.2.2/../../../../avr/lib/avr5/crtm1281.o
__vector_50                                       /usr/local/lib/gcc/avr/4.2.2/../../../../avr/lib/avr5/crtm1281.o
__vector_6                                        /usr/local/lib/gcc/avr/4.2.2/../../../../avr/lib/avr5/crtm1281.o
__vector_7                                        /usr/local/lib/gcc/avr/4.2.2/../../../../avr/lib/avr5/crtm1281.o
__vector_8                                        /usr/local/lib/gcc/avr/4.2.2/../../../../avr/lib/avr5/crtm1281.o
__vector_9                                        ../../../src/kernel/hal/atmega1281/nrk_ext_int.o
                                                  /usr/local/lib/gcc/avr/4.2.2/../../../../avr/lib/avr5/crtm1281.o
__vector_default                                  ../../../src/kernel/hal/atmega1281/nrk_timer.o
                                                  /usr/local/lib/gcc/avr/4.2.2/../../../../avr/lib/avr5/crtm1281.o
__vectors                                         /usr/local/lib/gcc/avr/4.2.2/../../../../avr/lib/avr5/crtm1281.o
_b_pow                                            ../../../src/net/bmac/bmac.o
_bmac_channel_check                               ../../../src/net/bmac/bmac.o
_bmac_check_period                                ../../../src/net/bmac/bmac.o
_bmac_rx                                          ../../../src/net/bmac/bmac.o
_bmac_tx                                          ../../../src/net/bmac/bmac.o
_div                                              /usr/local/lib/gcc/avr/4.2.2/avr5/libgcc.a(_divmodhi4.o)
_exit                                             /usr/local/lib/gcc/avr/4.2.2/avr5/libgcc.a(_exit.o)
_free_node                                        ../../../src/kernel/hal/atmega1281/nrk_cpu.o
                                                  ../../../src/kernel/source/nrk_scheduler.o
                                                  ../../../src/kernel/source/nrk_task.o
                                                  ../../../src/kernel/source/nrk_events.o
                                                  ../../../src/kernel/source/nrk_stats.o
                                                  ../../../src/kernel/source/nrk.o
_head_node                                        ../../../src/kernel/hal/atmega1281/nrk_cpu.o
                                                  ../../../src/kernel/source/nrk_scheduler.o
                                                  ../../../src/kernel/source/nrk_task.o
                                                  ../../../src/kernel/source/nrk_events.o
                                                  ../../../src/kernel/source/nrk_stats.o
                                                  ../../../src/kernel/source/nrk.o
_nrk_cpu_state                                    ../../../src/kernel/source/nrk_scheduler.o
                                                  ../../../src/kernel/source/nrk_idle_task.o
                                                  ../../../src/kernel/source/nrk_task.o
                                                  ../../../src/kernel/source/nrk_events.o
                                                  ../../../src/kernel/source/nrk.o
_nrk_errno_set                                    ../../../src/kernel/source/nrk_error.o
                                                  ../../../src/kernel/source/nrk_events.o
                                                  ../../../src/radio/cc2420/source/basic_rf.o
_nrk_get_next_wakeup                              ../../../src/kernel/hal/atmega1281/nrk_timer.o
                                                  ../../../src/kernel/source/nrk_idle_task.o
                                                  ../../../src/kernel/source/nrk_task.o
_nrk_high_speed_timer_get                         ../../../src/kernel/hal/atmega1281/nrk_timer.o
                                                  ../../../src/kernel/source/nrk_scheduler.o
_nrk_high_speed_timer_reset                       ../../../src/kernel/hal/atmega1281/nrk_timer.o
                                                  ../../../src/kernel/source/nrk_scheduler.o
_nrk_high_speed_timer_start                       ../../../src/kernel/hal/atmega1281/nrk_timer.o
_nrk_high_speed_timer_stop                        ../../../src/kernel/hal/atmega1281/nrk_timer.o
_nrk_os_timer_get                                 ../../../src/kernel/hal/atmega1281/nrk_timer.o
                                                  ../../../src/kernel/source/nrk_scheduler.o
                                                  ../../../src/kernel/source/nrk_time.o
                                                  ../../../src/kernel/source/nrk_task.o
                                                  ../../../src/radio/cc2420/source/basic_rf.o
_nrk_os_timer_reset                               ../../../src/kernel/hal/atmega1281/nrk_timer.o
_nrk_os_timer_set                                 ../../../src/kernel/hal/atmega1281/nrk_timer.o
_nrk_os_timer_start                               ../../../src/kernel/hal/atmega1281/nrk_timer.o
_nrk_os_timer_stop                                ../../../src/kernel/hal/atmega1281/nrk_timer.o
_nrk_prev_timer_val                               ../../../src/kernel/hal/atmega1281/nrk_cpu.o
                                                  ../../../src/kernel/hal/atmega1281/nrk_timer.o
                                                  ../../../src/kernel/source/nrk_scheduler.o
                                                  ../../../src/kernel/source/nrk_idle_task.o
                                                  ../../../src/kernel/source/nrk_time.o
                                                  ../../../src/kernel/source/nrk_task.o
                                                  ../../../src/kernel/source/nrk_events.o
                                                  ../../../src/kernel/source/nrk_error.o
                                                  ../../../src/radio/cc2420/source/basic_rf.o
                                                  ../../../src/net/bmac/bmac.o
_nrk_readyQ                                       ../../../src/kernel/hal/atmega1281/nrk_cpu.o
                                                  ../../../src/kernel/source/nrk_scheduler.o
                                                  ../../../src/kernel/source/nrk_events.o
                                                  ../../../src/kernel/source/nrk_stats.o
                                                  ../../../src/kernel/source/nrk.o
_nrk_resource_cnt                                 ../../../src/kernel/hal/atmega1281/nrk_cpu.o
                                                  ../../../src/kernel/source/nrk_scheduler.o
                                                  ../../../src/kernel/source/nrk_events.o
                                                  ../../../src/kernel/source/nrk_stats.o
                                                  ../../../src/kernel/source/nrk.o
_nrk_scheduler                                    ../../../src/kernel/source/nrk_scheduler.o
                                                  ../../../src/kernel/source/nrk.o
_nrk_set_next_wakeup                              ../../../src/kernel/hal/atmega1281/nrk_timer.o
                                                  ../../../src/kernel/source/nrk_scheduler.o
                                                  ../../../src/kernel/source/nrk_task.o
_nrk_setup_timer                                  ../../../src/kernel/hal/atmega1281/nrk_timer.o
                                                  ../../../src/kernel/hal/atmega1281/nrk_cpu.o
_nrk_signal_list                                  ../../../src/kernel/hal/atmega1281/nrk_cpu.o
                                                  ../../../src/kernel/hal/atmega1281/nrk_watchdog.o
                                                  ../../../src/kernel/hal/atmega1281/nrk_status.o
                                                  ../../../src/kernel/hal/atmega1281/nrk_ext_int.o
                                                  ../../../src/kernel/hal/atmega1281/nrk_timer.o
                                                  ../../../src/kernel/source/nrk_scheduler.o
                                                  ../../../src/kernel/source/nrk_idle_task.o
                                                  ../../../src/kernel/source/nrk_time.o
                                                  ../../../src/kernel/source/nrk_task.o
                                                  ../../../src/kernel/source/nrk_events.o
                                                  ../../../src/kernel/source/nrk_stack_check.o
                                                  ../../../src/kernel/source/nrk_error.o
                                                  ../../../src/kernel/source/nrk_stats.o
                                                  ../../../src/kernel/source/nrk.o
                                                  ../../../src/platform/firefly2_2/source/nrk_eeprom.o
                                                  ../../../src/platform/firefly2_2/source/hal_wait.o
                                                  ../../../src/platform/firefly2_2/source/ulib.o
                                                  ../../../src/radio/cc2420/source/basic_rf.o
                                                  ../../../src/radio/cc2420/source/hal_rf_wait_for_crystal_oscillator.o
                                                  ../../../src/radio/cc2420/source/hal_rf_set_channel.o
                                                  ../../../src/net/bmac/bmac.o
                                                  bmac_server.o
_nrk_startup_ok                                   ../../../src/kernel/hal/atmega1281/nrk_status.o
                                                  ../../../src/kernel/source/nrk.o
_nrk_ticks_to_time                                ../../../src/kernel/source/nrk_time.o
_nrk_time_to_ticks                                ../../../src/kernel/source/nrk_time.o
                                                  ../../../src/kernel/source/nrk_task.o
                                                  ../../../src/kernel/source/nrk.o
                                                  ../../../src/net/bmac/bmac.o
_nrk_time_to_ticks_long                           ../../../src/kernel/source/nrk_time.o
_nrk_time_trigger                                 ../../../src/kernel/hal/atmega1281/nrk_cpu.o
                                                  ../../../src/kernel/hal/atmega1281/nrk_timer.o
                                                  ../../../src/kernel/source/nrk_scheduler.o
                                                  ../../../src/kernel/source/nrk_idle_task.o
                                                  ../../../src/kernel/source/nrk_time.o
                                                  ../../../src/kernel/source/nrk_task.o
                                                  ../../../src/kernel/source/nrk_events.o
                                                  ../../../src/kernel/source/nrk_error.o
                                                  ../../../src/radio/cc2420/source/basic_rf.o
                                                  ../../../src/net/bmac/bmac.o
_nrk_timer_tick                                   ../../../src/kernel/source/nrk.o
                                                  ../../../src/kernel/hal/atmega1281/nrk_cpu.o
_nrk_wait_for_scheduler                           ../../../src/kernel/source/nrk_task.o
app_timer0_callback                               ../../../src/kernel/hal/atmega1281/nrk_cpu.o
                                                  ../../../src/kernel/hal/atmega1281/nrk_timer.o
                                                  ../../../src/kernel/source/nrk_scheduler.o
                                                  ../../../src/kernel/source/nrk_idle_task.o
                                                  ../../../src/kernel/source/nrk_time.o
                                                  ../../../src/kernel/source/nrk_task.o
                                                  ../../../src/kernel/source/nrk_events.o
                                                  ../../../src/kernel/source/nrk_error.o
                                                  ../../../src/radio/cc2420/source/basic_rf.o
                                                  ../../../src/net/bmac/bmac.o
app_timer0_prescale                               ../../../src/kernel/hal/atmega1281/nrk_cpu.o
                                                  ../../../src/kernel/hal/atmega1281/nrk_timer.o
                                                  ../../../src/kernel/source/nrk_scheduler.o
                                                  ../../../src/kernel/source/nrk_idle_task.o
                                                  ../../../src/kernel/source/nrk_time.o
                                                  ../../../src/kernel/source/nrk_task.o
                                                  ../../../src/kernel/source/nrk_events.o
                                                  ../../../src/kernel/source/nrk_error.o
                                                  ../../../src/radio/cc2420/source/basic_rf.o
                                                  ../../../src/net/bmac/bmac.o
auto_ack_enable                                   ../../../src/radio/cc2420/source/basic_rf.o
bmac_addr_decode_dest_mac                         ../../../src/net/bmac/bmac.o
bmac_addr_decode_disable                          ../../../src/net/bmac/bmac.o
bmac_addr_decode_enable                           ../../../src/net/bmac/bmac.o
bmac_addr_decode_set_my_mac                       ../../../src/net/bmac/bmac.o
bmac_auto_ack_disable                             ../../../src/net/bmac/bmac.o
                                                  bmac_server.o
bmac_auto_ack_enable                              ../../../src/net/bmac/bmac.o
bmac_disable                                      ../../../src/net/bmac/bmac.o
bmac_enable                                       ../../../src/net/bmac/bmac.o
bmac_enable_signal                                ../../../src/net/bmac/bmac.o
                                                  bmac_server.o
bmac_encryption_disable                           ../../../src/net/bmac/bmac.o
bmac_encryption_enable                            ../../../src/net/bmac/bmac.o
bmac_encryption_set_ctr_counter                   ../../../src/net/bmac/bmac.o
bmac_encryption_set_key                           ../../../src/net/bmac/bmac.o
bmac_get_rx_pkt_signal                            ../../../src/net/bmac/bmac.o
bmac_get_tx_done_signal                           ../../../src/net/bmac/bmac.o
bmac_init                                         ../../../src/net/bmac/bmac.o
                                                  bmac_server.o
bmac_nw_task                                      ../../../src/net/bmac/bmac.o
bmac_rfRxInfo                                     ../../../src/net/bmac/bmac.o
                                                  bmac_server.o
bmac_rfTxInfo                                     ../../../src/net/bmac/bmac.o
                                                  bmac_server.o
bmac_running                                      ../../../src/net/bmac/bmac.o
bmac_rx_pkt_get                                   ../../../src/net/bmac/bmac.o
                                                  bmac_server.o
bmac_rx_pkt_is_encrypted                          ../../../src/net/bmac/bmac.o
bmac_rx_pkt_ready                                 ../../../src/net/bmac/bmac.o
bmac_rx_pkt_release                               ../../../src/net/bmac/bmac.o
                                                  bmac_server.o
bmac_rx_pkt_set_buffer                            ../../../src/net/bmac/bmac.o
                                                  bmac_server.o
bmac_rx_pkt_signal                                ../../../src/net/bmac/bmac.o
                                                  bmac_server.o
bmac_set_cca_active                               ../../../src/net/bmac/bmac.o
bmac_set_cca_thresh                               ../../../src/net/bmac/bmac.o
bmac_set_channel                                  ../../../src/net/bmac/bmac.o
bmac_set_rf_power                                 ../../../src/net/bmac/bmac.o
bmac_set_rx_check_rate                            ../../../src/net/bmac/bmac.o
                                                  bmac_server.o
bmac_started                                      ../../../src/net/bmac/bmac.o
bmac_task                                         ../../../src/net/bmac/bmac.o
                                                  bmac_server.o
bmac_task_config                                  ../../../src/net/bmac/bmac.o
                                                  bmac_server.o
bmac_task_stack                                   ../../../src/net/bmac/bmac.o
                                                  bmac_server.o
bmac_tx_pkt                                       ../../../src/net/bmac/bmac.o
bmac_tx_pkt_done_signal                           ../../../src/net/bmac/bmac.o
                                                  bmac_server.o
bmac_tx_pkt_nonblocking                           ../../../src/net/bmac/bmac.o
bmac_tx_reserve_get                               ../../../src/net/bmac/bmac.o
bmac_tx_reserve_set                               ../../../src/net/bmac/bmac.o
bmac_wait_until_rx_pkt                            ../../../src/net/bmac/bmac.o
                                                  bmac_server.o
calloc                                            /usr/local/lib/gcc/avr/4.2.2/../../../../avr/lib/avr5/libc.a(calloc.o)
                                                  /usr/local/lib/gcc/avr/4.2.2/../../../../avr/lib/avr5/libc.a(fdevopen.o)
cca_active                                        ../../../src/net/bmac/bmac.o
                                                  bmac_server.o
dump_stack_info                                   ../../../src/kernel/source/nrk_stack_check.o
error_num                                         ../../../src/kernel/hal/atmega1281/nrk_cpu.o
                                                  ../../../src/kernel/hal/atmega1281/nrk_watchdog.o
                                                  ../../../src/kernel/hal/atmega1281/nrk_ext_int.o
                                                  ../../../src/kernel/hal/atmega1281/nrk_timer.o
                                                  ../../../src/kernel/source/nrk_scheduler.o
                                                  ../../../src/kernel/source/nrk_idle_task.o
                                                  ../../../src/kernel/source/nrk_task.o
                                                  ../../../src/kernel/source/nrk_events.o
                                                  ../../../src/kernel/source/nrk_stack_check.o
                                                  ../../../src/kernel/source/nrk_error.o
                                                  ../../../src/kernel/source/nrk_stats.o
                                                  ../../../src/kernel/source/nrk.o
                                                  ../../../src/platform/firefly2_2/source/nrk_eeprom.o
                                                  ../../../src/platform/firefly2_2/source/ulib.o
                                                  ../../../src/radio/cc2420/source/basic_rf.o
                                                  ../../../src/net/bmac/bmac.o
                                                  bmac_server.o
error_task                                        ../../../src/kernel/hal/atmega1281/nrk_cpu.o
                                                  ../../../src/kernel/hal/atmega1281/nrk_watchdog.o
                                                  ../../../src/kernel/hal/atmega1281/nrk_ext_int.o
                                                  ../../../src/kernel/hal/atmega1281/nrk_timer.o
                                                  ../../../src/kernel/source/nrk_scheduler.o
                                                  ../../../src/kernel/source/nrk_idle_task.o
                                                  ../../../src/kernel/source/nrk_task.o
                                                  ../../../src/kernel/source/nrk_events.o
                                                  ../../../src/kernel/source/nrk_stack_check.o
                                                  ../../../src/kernel/source/nrk_error.o
                                                  ../../../src/kernel/source/nrk_stats.o
                                                  ../../../src/kernel/source/nrk.o
                                                  ../../../src/platform/firefly2_2/source/nrk_eeprom.o
                                                  ../../../src/platform/firefly2_2/source/ulib.o
                                                  ../../../src/radio/cc2420/source/basic_rf.o
                                                  ../../../src/net/bmac/bmac.o
                                                  bmac_server.o